../Drivers/CMSIS/Include/core_cm4.h:1667:26:__NVIC_GetPriorityGrouping	4	static
../Drivers/CMSIS/Include/core_cm4.h:1679:22:__NVIC_EnableIRQ	16	static,ignoring_inline_asm
../Drivers/CMSIS/Include/core_cm4.h:1809:22:__NVIC_SetPriority	16	static
../Drivers/CMSIS/Include/core_cm4.h:1856:26:NVIC_EncodePriority	40	static
../Drivers/STM32L4xx_HAL_Driver/Inc/stm32l4xx_ll_usart.h:687:22:LL_USART_Enable	16	static
../Drivers/STM32L4xx_HAL_Driver/Inc/stm32l4xx_ll_usart.h:2804:22:LL_USART_ConfigAsyncMode	16	static
../Drivers/STM32L4xx_HAL_Driver/Inc/stm32l4xx_ll_usart.h:3142:26:LL_USART_IsActiveFlag_RXNE	16	static
../Drivers/STM32L4xx_HAL_Driver/Inc/stm32l4xx_ll_usart.h:3183:26:LL_USART_IsActiveFlag_TXE	16	static
../Drivers/STM32L4xx_HAL_Driver/Inc/stm32l4xx_ll_usart.h:3669:22:LL_USART_EnableIT_RXNE	40	static,ignoring_inline_asm
../Drivers/STM32L4xx_HAL_Driver/Inc/stm32l4xx_ll_usart.h:3710:22:LL_USART_EnableIT_TXE	40	static,ignoring_inline_asm
../Drivers/STM32L4xx_HAL_Driver/Inc/stm32l4xx_ll_usart.h:3964:22:LL_USART_DisableIT_TXE	40	static,ignoring_inline_asm
../Drivers/STM32L4xx_HAL_Driver/Inc/stm32l4xx_ll_usart.h:4545:25:LL_USART_ReceiveData8	16	static
../Drivers/STM32L4xx_HAL_Driver/Inc/stm32l4xx_ll_usart.h:4568:22:LL_USART_TransmitData8	16	static
../Drivers/STM32L4xx_HAL_Driver/Inc/stm32l4xx_ll_bus.h:563:22:LL_AHB2_GRP1_EnableClock	24	static
../Drivers/STM32L4xx_HAL_Driver/Inc/stm32l4xx_ll_bus.h:1087:22:LL_APB1_GRP1_EnableClock	24	static
../Drivers/STM32L4xx_HAL_Driver/Inc/stm32l4xx_ll_bus.h:1673:22:LL_APB2_GRP1_EnableClock	24	static
../Core/Src/main.c:135:6:sendchar	16	static
../Core/Src/main.c:147:6:sendString	16	static
../Core/Src/main.c:155:6:readchar	24	static
../Core/Src/main.c:164:9:getPotentiometerSensor	8	static
../Core/Src/main.c:170:6:potentiometerSensor	32	static
../Core/Src/main.c:183:6:pwm_task	24	static
../Core/Src/main.c:198:9:readVoltageLdr	8	static
../Core/Src/main.c:205:6:ldr	32	static
../Core/Src/main.c:247:6:USART_2_IRQHandler	24	static,ignoring_inline_asm
../Core/Src/main.c:281:6:USART_1_IRQHandler	24	static,ignoring_inline_asm
../Core/Src/main.c:320:5:main	56	static
../Core/Src/main.c:432:6:SystemClock_Config	96	static
../Core/Src/main.c:481:6:PeriphCommonClock_Config	144	static
../Core/Src/main.c:507:13:MX_ADC1_Init	48	static
../Core/Src/main.c:574:13:MX_ADC2_Init	32	static
../Core/Src/main.c:632:13:MX_TIM2_Init	64	static
../Core/Src/main.c:691:13:MX_TIM3_Init	64	static
../Core/Src/main.c:750:13:MX_USART1_UART_Init	200	static
../Core/Src/main.c:830:13:MX_USART2_UART_Init	200	static
../Core/Src/main.c:899:13:MX_GPIO_Init	48	static
../Core/Src/main.c:1024:6:user_pwm_setvalue	48	static
../Core/Src/main.c:1097:6:StartDefaultTask	16	static
../Core/Src/main.c:1116:6:HAL_TIM_PeriodElapsedCallback	16	static
../Core/Src/main.c:1133:6:Error_Handler	4	static,ignoring_inline_asm
