Archive member included to satisfy reference by file (symbol)

d:/stm32cubeide_1.9.0/stm32cubeide/plugins/com.st.stm32cube.ide.mcu.externaltools.gnu-tools-for-stm32.10.3-2021.10.win32_1.0.0.202111181127/tools/bin/../lib/gcc/arm-none-eabi/10.3.1/../../../../arm-none-eabi/lib/thumb/v7e-m+fp/hard\libc_nano.a(lib_a-errno.o)
                              ./Core/Src/syscalls.o (__errno)
d:/stm32cubeide_1.9.0/stm32cubeide/plugins/com.st.stm32cube.ide.mcu.externaltools.gnu-tools-for-stm32.10.3-2021.10.win32_1.0.0.202111181127/tools/bin/../lib/gcc/arm-none-eabi/10.3.1/../../../../arm-none-eabi/lib/thumb/v7e-m+fp/hard\libc_nano.a(lib_a-exit.o)
                              d:/stm32cubeide_1.9.0/stm32cubeide/plugins/com.st.stm32cube.ide.mcu.externaltools.gnu-tools-for-stm32.10.3-2021.10.win32_1.0.0.202111181127/tools/bin/../lib/gcc/arm-none-eabi/10.3.1/../../../../arm-none-eabi/lib/thumb/v7e-m+fp/hard/crt0.o (exit)
d:/stm32cubeide_1.9.0/stm32cubeide/plugins/com.st.stm32cube.ide.mcu.externaltools.gnu-tools-for-stm32.10.3-2021.10.win32_1.0.0.202111181127/tools/bin/../lib/gcc/arm-none-eabi/10.3.1/../../../../arm-none-eabi/lib/thumb/v7e-m+fp/hard\libc_nano.a(lib_a-findfp.o)
                              ./Middlewares/Third_Party/FreeRTOS/Source/tasks.o (__sf_fake_stderr)
d:/stm32cubeide_1.9.0/stm32cubeide/plugins/com.st.stm32cube.ide.mcu.externaltools.gnu-tools-for-stm32.10.3-2021.10.win32_1.0.0.202111181127/tools/bin/../lib/gcc/arm-none-eabi/10.3.1/../../../../arm-none-eabi/lib/thumb/v7e-m+fp/hard\libc_nano.a(lib_a-fwalk.o)
                              d:/stm32cubeide_1.9.0/stm32cubeide/plugins/com.st.stm32cube.ide.mcu.externaltools.gnu-tools-for-stm32.10.3-2021.10.win32_1.0.0.202111181127/tools/bin/../lib/gcc/arm-none-eabi/10.3.1/../../../../arm-none-eabi/lib/thumb/v7e-m+fp/hard\libc_nano.a(lib_a-findfp.o) (_fwalk)
d:/stm32cubeide_1.9.0/stm32cubeide/plugins/com.st.stm32cube.ide.mcu.externaltools.gnu-tools-for-stm32.10.3-2021.10.win32_1.0.0.202111181127/tools/bin/../lib/gcc/arm-none-eabi/10.3.1/../../../../arm-none-eabi/lib/thumb/v7e-m+fp/hard\libc_nano.a(lib_a-impure.o)
                              d:/stm32cubeide_1.9.0/stm32cubeide/plugins/com.st.stm32cube.ide.mcu.externaltools.gnu-tools-for-stm32.10.3-2021.10.win32_1.0.0.202111181127/tools/bin/../lib/gcc/arm-none-eabi/10.3.1/../../../../arm-none-eabi/lib/thumb/v7e-m+fp/hard\libc_nano.a(lib_a-exit.o) (_global_impure_ptr)
d:/stm32cubeide_1.9.0/stm32cubeide/plugins/com.st.stm32cube.ide.mcu.externaltools.gnu-tools-for-stm32.10.3-2021.10.win32_1.0.0.202111181127/tools/bin/../lib/gcc/arm-none-eabi/10.3.1/../../../../arm-none-eabi/lib/thumb/v7e-m+fp/hard\libc_nano.a(lib_a-init.o)
                              d:/stm32cubeide_1.9.0/stm32cubeide/plugins/com.st.stm32cube.ide.mcu.externaltools.gnu-tools-for-stm32.10.3-2021.10.win32_1.0.0.202111181127/tools/bin/../lib/gcc/arm-none-eabi/10.3.1/../../../../arm-none-eabi/lib/thumb/v7e-m+fp/hard/crt0.o (__libc_init_array)
d:/stm32cubeide_1.9.0/stm32cubeide/plugins/com.st.stm32cube.ide.mcu.externaltools.gnu-tools-for-stm32.10.3-2021.10.win32_1.0.0.202111181127/tools/bin/../lib/gcc/arm-none-eabi/10.3.1/../../../../arm-none-eabi/lib/thumb/v7e-m+fp/hard\libc_nano.a(lib_a-lock.o)
                              d:/stm32cubeide_1.9.0/stm32cubeide/plugins/com.st.stm32cube.ide.mcu.externaltools.gnu-tools-for-stm32.10.3-2021.10.win32_1.0.0.202111181127/tools/bin/../lib/gcc/arm-none-eabi/10.3.1/../../../../arm-none-eabi/lib/thumb/v7e-m+fp/hard\libc_nano.a(lib_a-findfp.o) (__retarget_lock_init_recursive)
d:/stm32cubeide_1.9.0/stm32cubeide/plugins/com.st.stm32cube.ide.mcu.externaltools.gnu-tools-for-stm32.10.3-2021.10.win32_1.0.0.202111181127/tools/bin/../lib/gcc/arm-none-eabi/10.3.1/../../../../arm-none-eabi/lib/thumb/v7e-m+fp/hard\libc_nano.a(lib_a-memcpy-stub.o)
                              ./Middlewares/Third_Party/FreeRTOS/Source/queue.o (memcpy)
d:/stm32cubeide_1.9.0/stm32cubeide/plugins/com.st.stm32cube.ide.mcu.externaltools.gnu-tools-for-stm32.10.3-2021.10.win32_1.0.0.202111181127/tools/bin/../lib/gcc/arm-none-eabi/10.3.1/../../../../arm-none-eabi/lib/thumb/v7e-m+fp/hard\libc_nano.a(lib_a-memset.o)
                              d:/stm32cubeide_1.9.0/stm32cubeide/plugins/com.st.stm32cube.ide.mcu.externaltools.gnu-tools-for-stm32.10.3-2021.10.win32_1.0.0.202111181127/tools/bin/../lib/gcc/arm-none-eabi/10.3.1/../../../../arm-none-eabi/lib/thumb/v7e-m+fp/hard/crt0.o (memset)
d:/stm32cubeide_1.9.0/stm32cubeide/plugins/com.st.stm32cube.ide.mcu.externaltools.gnu-tools-for-stm32.10.3-2021.10.win32_1.0.0.202111181127/tools/bin/../lib/gcc/arm-none-eabi/10.3.1/../../../../arm-none-eabi/lib/thumb/v7e-m+fp/hard\libc_nano.a(lib_a-nano-mallocr.o)
                              d:/stm32cubeide_1.9.0/stm32cubeide/plugins/com.st.stm32cube.ide.mcu.externaltools.gnu-tools-for-stm32.10.3-2021.10.win32_1.0.0.202111181127/tools/bin/../lib/gcc/arm-none-eabi/10.3.1/../../../../arm-none-eabi/lib/thumb/v7e-m+fp/hard\libc_nano.a(lib_a-findfp.o) (_malloc_r)
[...]
Memory Configuration

Name             Origin             Length             Attributes
RAM              0x0000000020000000 0x0000000000018000 xrw
RAM2             0x0000000010000000 0x0000000000008000 xrw
FLASH            0x0000000008000000 0x0000000000100000 xr
*default*        0x0000000000000000 0xffffffffffffffff

Linker script and memory map

LOAD d:/stm32cubeide_1.9.0/stm32cubeide/plugins/com.st.stm32cube.ide.mcu.externaltools.gnu-tools-for-stm32.10.3-2021.10.win32_1.0.0.202111181127/tools/bin/../lib/gcc/arm-none-eabi/10.3.1/thumb/v7e-m+fp/hard/crti.o
LOAD d:/stm32cubeide_1.9.0/stm32cubeide/plugins/com.st.stm32cube.ide.mcu.externaltools.gnu-tools-for-stm32.10.3-2021.10.win32_1.0.0.202111181127/tools/bin/../lib/gcc/arm-none-eabi/10.3.1/thumb/v7e-m+fp/hard/crtbegin.o
LOAD d:/stm32cubeide_1.9.0/stm32cubeide/plugins/com.st.stm32cube.ide.mcu.externaltools.gnu-tools-for-stm32.10.3-2021.10.win32_1.0.0.202111181127/tools/bin/../lib/gcc/arm-none-eabi/10.3.1/../../../../arm-none-eabi/lib/thumb/v7e-m+fp/hard/crt0.o
LOAD ./Core/Src/freertos.o
LOAD ./Core/Src/main.o
LOAD ./Core/Src/stm32l4xx_hal_msp.o
LOAD ./Core/Src/stm32l4xx_hal_timebase_tim.o
LOAD ./Core/Src/stm32l4xx_it.o
LOAD ./Core/Src/syscalls.o
LOAD ./Core/Src/sysmem.o
LOAD ./Core/Src/system_stm32l4xx.o
LOAD ./Core/Startup/startup_stm32l476rgtx.o
LOAD ./Drivers/STM32L4xx_HAL_Driver/Src/stm32l4xx_hal.o
LOAD ./Drivers/STM32L4xx_HAL_Driver/Src/stm32l4xx_hal_adc.o
LOAD ./Drivers/STM32L4xx_HAL_Driver/Src/stm32l4xx_hal_adc_ex.o
LOAD ./Drivers/STM32L4xx_HAL_Driver/Src/stm32l4xx_hal_cortex.o
LOAD ./Drivers/STM32L4xx_HAL_Driver/Src/stm32l4xx_hal_dma.o
LOAD ./Drivers/STM32L4xx_HAL_Driver/Src/stm32l4xx_hal_dma_ex.o
LOAD ./Drivers/STM32L4xx_HAL_Driver/Src/stm32l4xx_hal_exti.o
LOAD ./Drivers/STM32L4xx_HAL_Driver/Src/stm32l4xx_hal_flash.o
LOAD ./Drivers/STM32L4xx_HAL_Driver/Src/stm32l4xx_hal_flash_ex.o
LOAD ./Drivers/STM32L4xx_HAL_Driver/Src/stm32l4xx_hal_flash_ramfunc.o
LOAD ./Drivers/STM32L4xx_HAL_Driver/Src/stm32l4xx_hal_gpio.o
LOAD ./Drivers/STM32L4xx_HAL_Driver/Src/stm32l4xx_hal_i2c.o
LOAD ./Drivers/STM32L4xx_HAL_Driver/Src/stm32l4xx_hal_i2c_ex.o
LOAD ./Drivers/STM32L4xx_HAL_Driver/Src/stm32l4xx_hal_pwr.o
LOAD ./Drivers/STM32L4xx_HAL_Driver/Src/stm32l4xx_hal_pwr_ex.o
LOAD ./Drivers/STM32L4xx_HAL_Driver/Src/stm32l4xx_hal_rcc.o
LOAD ./Drivers/STM32L4xx_HAL_Driver/Src/stm32l4xx_hal_rcc_ex.o
LOAD ./Drivers/STM32L4xx_HAL_Driver/Src/stm32l4xx_hal_tim.o
LOAD ./Drivers/STM32L4xx_HAL_Driver/Src/stm32l4xx_hal_tim_ex.o
LOAD ./Drivers/STM32L4xx_HAL_Driver/Src/stm32l4xx_ll_dma.o
LOAD ./Drivers/STM32L4xx_HAL_Driver/Src/stm32l4xx_ll_exti.o
LOAD ./Drivers/STM32L4xx_HAL_Driver/Src/stm32l4xx_ll_gpio.o
LOAD ./Drivers/STM32L4xx_HAL_Driver/Src/stm32l4xx_ll_rcc.o
LOAD ./Drivers/STM32L4xx_HAL_Driver/Src/stm32l4xx_ll_usart.o
LOAD ./Drivers/STM32L4xx_HAL_Driver/Src/stm32l4xx_ll_utils.o
LOAD ./Middlewares/Third_Party/FreeRTOS/Source/CMSIS_RTOS/cmsis_os.o
LOAD ./Middlewares/Third_Party/FreeRTOS/Source/croutine.o
LOAD ./Middlewares/Third_Party/FreeRTOS/Source/event_groups.o
LOAD ./Middlewares/Third_Party/FreeRTOS/Source/list.o
LOAD ./Middlewares/Third_Party/FreeRTOS/Source/queue.o
LOAD ./Middlewares/Third_Party/FreeRTOS/Source/stream_buffer.o
LOAD ./Middlewares/Third_Party/FreeRTOS/Source/tasks.o
LOAD ./Middlewares/Third_Party/FreeRTOS/Source/timers.o
LOAD ./Middlewares/Third_Party/FreeRTOS/Source/portable/GCC/ARM_CM4F/port.o
LOAD ./Middlewares/Third_Party/FreeRTOS/Source/portable/MemMang/heap_4.o
START GROUP
LOAD d:/stm32cubeide_1.9.0/stm32cubeide/plugins/com.st.stm32cube.ide.mcu.externaltools.gnu-tools-for-stm32.10.3-2021.10.win32_1.0.0.202111181127/tools/bin/../lib/gcc/arm-none-eabi/10.3.1/../../../../arm-none-eabi/lib/thumb/v7e-m+fp/hard\libc_nano.a
LOAD d:/stm32cubeide_1.9.0/stm32cubeide/plugins/com.st.stm32cube.ide.mcu.externaltools.gnu-tools-for-stm32.10.3-2021.10.win32_1.0.0.202111181127/tools/bin/../lib/gcc/arm-none-eabi/10.3.1/../../../../arm-none-eabi/lib/thumb/v7e-m+fp/hard\libm.a
END GROUP
START GROUP
LOAD d:/stm32cubeide_1.9.0/stm32cubeide/plugins/com.st.stm32cube.ide.mcu.externaltools.gnu-tools-for-stm32.10.3-2021.10.win32_1.0.0.202111181127/tools/bin/../lib/gcc/arm-none-eabi/10.3.1/thumb/v7e-m+fp/hard\libgcc.a
LOAD d:/stm32cubeide_1.9.0/stm32cubeide/plugins/com.st.stm32cube.ide.mcu.externaltools.gnu-tools-for-stm32.10.3-2021.10.win32_1.0.0.202111181127/tools/bin/../lib/gcc/arm-none-eabi/10.3.1/../../../../arm-none-eabi/lib/thumb/v7e-m+fp/hard\libc_nano.a
END GROUP
START GROUP
LOAD d:/stm32cubeide_1.9.0/stm32cubeide/plugins/com.st.stm32cube.ide.mcu.externaltools.gnu-tools-for-stm32.10.3-2021.10.win32_1.0.0.202111181127/tools/bin/../lib/gcc/arm-none-eabi/10.3.1/thumb/v7e-m+fp/hard\libgcc.a
LOAD d:/stm32cubeide_1.9.0/stm32cubeide/plugins/com.st.stm32cube.ide.mcu.externaltools.gnu-tools-for-stm32.10.3-2021.10.win32_1.0.0.202111181127/tools/bin/../lib/gcc/arm-none-eabi/10.3.1/../../../../arm-none-eabi/lib/thumb/v7e-m+fp/hard\libc_nano.a
LOAD d:/stm32cubeide_1.9.0/stm32cubeide/plugins/com.st.stm32cube.ide.mcu.externaltools.gnu-tools-for-stm32.10.3-2021.10.win32_1.0.0.202111181127/tools/bin/../lib/gcc/arm-none-eabi/10.3.1/../../../../arm-none-eabi/lib/thumb/v7e-m+fp/hard\libnosys.a
END GROUP
START GROUP
LOAD d:/stm32cubeide_1.9.0/stm32cubeide/plugins/com.st.stm32cube.ide.mcu.externaltools.gnu-tools-for-stm32.10.3-2021.10.win32_1.0.0.202111181127/tools/bin/../lib/gcc/arm-none-eabi/10.3.1/thumb/v7e-m+fp/hard\libgcc.a
LOAD d:/stm32cubeide_1.9.0/stm32cubeide/plugins/com.st.stm32cube.ide.mcu.externaltools.gnu-tools-for-stm32.10.3-2021.10.win32_1.0.0.202111181127/tools/bin/../lib/gcc/arm-none-eabi/10.3.1/../../../../arm-none-eabi/lib/thumb/v7e-m+fp/hard\libc_nano.a
LOAD d:/stm32cubeide_1.9.0/stm32cubeide/plugins/com.st.stm32cube.ide.mcu.externaltools.gnu-tools-for-stm32.10.3-2021.10.win32_1.0.0.202111181127/tools/bin/../lib/gcc/arm-none-eabi/10.3.1/../../../../arm-none-eabi/lib/thumb/v7e-m+fp/hard\libnosys.a
END GROUP
LOAD d:/stm32cubeide_1.9.0/stm32cubeide/plugins/com.st.stm32cube.ide.mcu.externaltools.gnu-tools-for-stm32.10.3-2021.10.win32_1.0.0.202111181127/tools/bin/../lib/gcc/arm-none-eabi/10.3.1/thumb/v7e-m+fp/hard/crtend.o
LOAD d:/stm32cubeide_1.9.0/stm32cubeide/plugins/com.st.stm32cube.ide.mcu.externaltools.gnu-tools-for-stm32.10.3-2021.10.win32_1.0.0.202111181127/tools/bin/../lib/gcc/arm-none-eabi/10.3.1/thumb/v7e-m+fp/hard/crtn.o
                0x0000000020018000                _estack = (ORIGIN (RAM) + LENGTH (RAM))
                0x0000000000000200                _Min_Heap_Size = 0x200
                0x0000000000000400                _Min_Stack_Size = 0x400

.isr_vector     0x0000000008000000      0x188
                0x0000000008000000                . = ALIGN (0x4)
 *(.isr_vector)
 .isr_vector    0x0000000008000000      0x188 ./Core/Startup/startup_stm32l476rgtx.o
                0x0000000008000000                g_pfnVectors
                0x0000000008000188                . = ALIGN (0x4)

.text           0x0000000008000190     0x9828
                0x0000000008000190                . = ALIGN (0x4)
 *(.text)
 .text          0x0000000008000190       0x40 d:/stm32cubeide_1.9.0/stm32cubeide/plugins/com.st.stm32cube.ide.mcu.externaltools.gnu-tools-for-stm32.10.3-2021.10.win32_1.0.0.202111181127/tools/bin/../lib/gcc/arm-none-eabi/10.3.1/thumb/v7e-m+fp/hard/crtbegin.o
 .text          0x00000000080001d0       0xa0 d:/stm32cubeide_1.9.0/stm32cubeide/plugins/com.st.stm32cube.ide.mcu.externaltools.gnu-tools-for-stm32.10.3-2021.10.win32_1.0.0.202111181127/tools/bin/../lib/gcc/arm-none-eabi/10.3.1/../../../../arm-none-eabi/lib/thumb/v7e-m+fp/hard\libc_nano.a(lib_a-memchr.o)
                0x00000000080001d0                memchr
 *(.text*)
 .text.vApplicationGetIdleTaskMemory
                0x0000000008000270       0x34 ./Core/Src/freertos.o
                0x0000000008000270                vApplicationGetIdleTaskMemory
 .text.__NVIC_GetPriorityGrouping
                0x00000000080002a4       0x1c ./Core/Src/main.o
 .text.__NVIC_EnableIRQ
                0x00000000080002c0       0x3c ./Core/Src/main.o
 .text.__NVIC_SetPriority
                0x00000000080002fc       0x54 ./Core/Src/main.o
 .text.NVIC_EncodePriority
                0x0000000008000350       0x66 ./Core/Src/main.o
 .text.LL_USART_Enable
                0x00000000080003b6       0x20 ./Core/Src/main.o
 .text.LL_USART_ConfigAsyncMode
                0x00000000080003d6       0x2c ./Core/Src/main.o
 .text.LL_USART_IsActiveFlag_RXNE
                0x0000000008000402       0x26 ./Core/Src/main.o
 .text.LL_USART_IsActiveFlag_TXE
                0x0000000008000428       0x26 ./Core/Src/main.o
 .text.LL_USART_EnableIT_RXNE
                0x000000000800044e       0x42 ./Core/Src/main.o
 .text.LL_USART_EnableIT_TXE
                0x0000000008000490       0x42 ./Core/Src/main.o
 .text.LL_USART_DisableIT_TXE
                0x00000000080004d2       0x42 ./Core/Src/main.o
 .text.LL_USART_ReceiveData8
                0x0000000008000514       0x1c ./Core/Src/main.o
 .text.LL_USART_TransmitData8
                0x0000000008000530       0x20 ./Core/Src/main.o
 .text.LL_AHB2_GRP1_EnableClock
                0x0000000008000550       0x30 ./Core/Src/main.o
 .text.LL_APB1_GRP1_EnableClock
                0x0000000008000580       0x30 ./Core/Src/main.o
 .text.LL_APB2_GRP1_EnableClock
                0x00000000080005b0       0x30 ./Core/Src/main.o
 .text.sendchar
                0x00000000080005e0       0x64 ./Core/Src/main.o
                0x00000000080005e0                sendchar
 .text.sendString
                0x0000000008000644       0x34 ./Core/Src/main.o
                0x0000000008000644                sendString
 .text.getPotentiometerSensor
                0x0000000008000678       0x28 ./Core/Src/main.o
                0x0000000008000678                getPotentiometerSensor
 .text.potentiometerSensor
                0x00000000080006a0       0x58 ./Core/Src/main.o
                0x00000000080006a0                potentiometerSensor
 .text.readVoltageLdr
                0x00000000080006f8       0x28 ./Core/Src/main.o
                0x00000000080006f8                readVoltageLdr
 .text.ldr      0x0000000008000720       0x44 ./Core/Src/main.o
                0x0000000008000720                ldr
 .text.USART_2_IRQHandler
                0x0000000008000764       0xc0 ./Core/Src/main.o
                0x0000000008000764                USART_2_IRQHandler
 .text.USART_1_IRQHandler
                0x0000000008000824       0xc0 ./Core/Src/main.o
                0x0000000008000824                USART_1_IRQHandler
 .text.main     0x00000000080008e4       0xb0 ./Core/Src/main.o
                0x00000000080008e4                main
 .text.SystemClock_Config
                0x0000000008000994       0xa2 ./Core/Src/main.o
                0x0000000008000994                SystemClock_Config
 .text.PeriphCommonClock_Config
                0x0000000008000a36       0x56 ./Core/Src/main.o
                0x0000000008000a36                PeriphCommonClock_Config
 .text.MX_ADC1_Init
                0x0000000008000a8c       0xec ./Core/Src/main.o
 .text.MX_ADC2_Init
                0x0000000008000b78       0xc8 ./Core/Src/main.o
 .text.MX_TIM2_Init
                0x0000000008000c40       0xec ./Core/Src/main.o
 .text.MX_TIM3_Init
                0x0000000008000d2c       0xf0 ./Core/Src/main.o
 .text.MX_USART1_UART_Init
                0x0000000008000e1c      0x16c ./Core/Src/main.o
 .text.MX_USART2_UART_Init
                0x0000000008000f88      0x130 ./Core/Src/main.o
 .text.MX_GPIO_Init
                0x00000000080010b8       0xf0 ./Core/Src/main.o
 .text.user_pwm_setvalue
                0x00000000080011a8       0x44 ./Core/Src/main.o
                0x00000000080011a8                user_pwm_setvalue
 .text.StartDefaultTask
                0x00000000080011ec       0x10 ./Core/Src/main.o
                0x00000000080011ec                StartDefaultTask
 .text.HAL_TIM_PeriodElapsedCallback
                0x00000000080011fc       0x24 ./Core/Src/main.o
                0x00000000080011fc                HAL_TIM_PeriodElapsedCallback
 .text.Error_Handler
                0x0000000008001220        0xa ./Core/Src/main.o
                0x0000000008001220                Error_Handler
 *fill*         0x000000000800122a        0x2 
 .text.HAL_MspInit
                0x000000000800122c       0x50 ./Core/Src/stm32l4xx_hal_msp.o
                0x000000000800122c                HAL_MspInit
 .text.HAL_ADC_MspInit
                0x000000000800127c      0x120 ./Core/Src/stm32l4xx_hal_msp.o
                0x000000000800127c                HAL_ADC_MspInit
 .text.HAL_TIM_Base_MspInit
                0x000000000800139c       0x80 ./Core/Src/stm32l4xx_hal_msp.o
                0x000000000800139c                HAL_TIM_Base_MspInit
 .text.HAL_TIM_MspPostInit
                0x000000000800141c       0xb8 ./Core/Src/stm32l4xx_hal_msp.o
                0x000000000800141c                HAL_TIM_MspPostInit
 .text.HAL_InitTick
                0x00000000080014d4       0xac ./Core/Src/stm32l4xx_hal_timebase_tim.o
                0x00000000080014d4                HAL_InitTick
 .text.NMI_Handler
                0x0000000008001580        0x6 ./Core/Src/stm32l4xx_it.o
                0x0000000008001580                NMI_Handler
 .text.HardFault_Handler
                0x0000000008001586        0x6 ./Core/Src/stm32l4xx_it.o
                0x0000000008001586                HardFault_Handler
 .text.MemManage_Handler
                0x000000000800158c        0x6 ./Core/Src/stm32l4xx_it.o
                0x000000000800158c                MemManage_Handler
 .text.BusFault_Handler
                0x0000000008001592        0x6 ./Core/Src/stm32l4xx_it.o
                0x0000000008001592                BusFault_Handler
 .text.UsageFault_Handler
                0x0000000008001598        0x6 ./Core/Src/stm32l4xx_it.o
                0x0000000008001598                UsageFault_Handler
 .text.DebugMon_Handler
                0x000000000800159e        0xe ./Core/Src/stm32l4xx_it.o
                0x000000000800159e                DebugMon_Handler
 .text.ADC1_2_IRQHandler
                0x00000000080015ac       0x1c ./Core/Src/stm32l4xx_it.o
                0x00000000080015ac                ADC1_2_IRQHandler
 .text.TIM1_UP_TIM16_IRQHandler
                0x00000000080015c8       0x14 ./Core/Src/stm32l4xx_it.o
                0x00000000080015c8                TIM1_UP_TIM16_IRQHandler
 .text.TIM2_IRQHandler
                0x00000000080015dc       0x14 ./Core/Src/stm32l4xx_it.o
                0x00000000080015dc                TIM2_IRQHandler
 .text.TIM3_IRQHandler
                0x00000000080015f0       0x14 ./Core/Src/stm32l4xx_it.o
                0x00000000080015f0                TIM3_IRQHandler
 .text.USART1_IRQHandler
                0x0000000008001604        0xc ./Core/Src/stm32l4xx_it.o
                0x0000000008001604                USART1_IRQHandler
 .text.USART2_IRQHandler
                0x0000000008001610        0xc ./Core/Src/stm32l4xx_it.o
                0x0000000008001610                USART2_IRQHandler
 .text._sbrk    0x000000000800161c       0x6c ./Core/Src/sysmem.o
                0x000000000800161c                _sbrk
 .text.SystemInit
                0x0000000008001688       0x24 ./Core/Src/system_stm32l4xx.o
                0x0000000008001688                SystemInit
 .text.Reset_Handler
                0x00000000080016ac       0x50 ./Core/Startup/startup_stm32l476rgtx.o
                0x00000000080016ac                Reset_Handler
 .text.Default_Handler
                0x00000000080016fc        0x2 ./Core/Startup/startup_stm32l476rgtx.o
                0x00000000080016fc                RTC_Alarm_IRQHandler
                0x00000000080016fc                EXTI2_IRQHandler
                0x00000000080016fc                TIM8_TRG_COM_IRQHandler
                0x00000000080016fc                TIM8_CC_IRQHandler
                0x00000000080016fc                TIM1_CC_IRQHandler
                0x00000000080016fc                TSC_IRQHandler
                0x00000000080016fc                TAMP_STAMP_IRQHandler
                0x00000000080016fc                EXTI3_IRQHandler
                0x00000000080016fc                LPTIM2_IRQHandler
                0x00000000080016fc                DFSDM1_FLT1_IRQHandler
                0x00000000080016fc                I2C3_ER_IRQHandler
                0x00000000080016fc                DFSDM1_FLT2_IRQHandler
                0x00000000080016fc                EXTI0_IRQHandler
                0x00000000080016fc                I2C2_EV_IRQHandler
                0x00000000080016fc                CAN1_RX0_IRQHandler
                0x00000000080016fc                FPU_IRQHandler
                0x00000000080016fc                SPI1_IRQHandler
                0x00000000080016fc                TIM6_DAC_IRQHandler
                0x00000000080016fc                TIM8_UP_IRQHandler
                0x00000000080016fc                DMA2_Channel2_IRQHandler
                0x00000000080016fc                DMA1_Channel4_IRQHandler
                0x00000000080016fc                SAI2_IRQHandler
                0x00000000080016fc                DFSDM1_FLT3_IRQHandler
                0x00000000080016fc                USART3_IRQHandler
                0x00000000080016fc                DMA1_Channel7_IRQHandler
                0x00000000080016fc                CAN1_RX1_IRQHandler
                0x00000000080016fc                LCD_IRQHandler
                0x00000000080016fc                UART5_IRQHandler
                0x00000000080016fc                ADC3_IRQHandler
                0x00000000080016fc                TIM4_IRQHandler
                0x00000000080016fc                DMA2_Channel1_IRQHandler
                0x00000000080016fc                QUADSPI_IRQHandler
                0x00000000080016fc                I2C1_EV_IRQHandler
                0x00000000080016fc                DMA1_Channel6_IRQHandler
                0x00000000080016fc                UART4_IRQHandler
                0x00000000080016fc                DMA2_Channel4_IRQHandler
                0x00000000080016fc                RCC_IRQHandler
                0x00000000080016fc                DMA1_Channel1_IRQHandler
                0x00000000080016fc                Default_Handler
                0x00000000080016fc                DMA2_Channel7_IRQHandler
                0x00000000080016fc                EXTI15_10_IRQHandler
                0x00000000080016fc                TIM7_IRQHandler
                0x00000000080016fc                SDMMC1_IRQHandler
                0x00000000080016fc                TIM5_IRQHandler
                0x00000000080016fc                I2C3_EV_IRQHandler
                0x00000000080016fc                EXTI9_5_IRQHandler
                0x00000000080016fc                RTC_WKUP_IRQHandler
                0x00000000080016fc                PVD_PVM_IRQHandler
                0x00000000080016fc                SPI2_IRQHandler
                0x00000000080016fc                CAN1_TX_IRQHandler
                0x00000000080016fc                DMA2_Channel5_IRQHandler
                0x00000000080016fc                DMA1_Channel5_IRQHandler
                0x00000000080016fc                EXTI4_IRQHandler
                0x00000000080016fc                RNG_IRQHandler
                0x00000000080016fc                TIM1_TRG_COM_TIM17_IRQHandler
                0x00000000080016fc                DMA1_Channel3_IRQHandler
                0x00000000080016fc                COMP_IRQHandler
                0x00000000080016fc                WWDG_IRQHandler
                0x00000000080016fc                LPUART1_IRQHandler
                0x00000000080016fc                DMA2_Channel6_IRQHandler
                0x00000000080016fc                EXTI1_IRQHandler
                0x00000000080016fc                DFSDM1_FLT0_IRQHandler
                0x00000000080016fc                I2C2_ER_IRQHandler
                0x00000000080016fc                DMA1_Channel2_IRQHandler
                0x00000000080016fc                TIM8_BRK_IRQHandler
                0x00000000080016fc                CAN1_SCE_IRQHandler
                0x00000000080016fc                FLASH_IRQHandler
                0x00000000080016fc                OTG_FS_IRQHandler
                0x00000000080016fc                SPI3_IRQHandler
                0x00000000080016fc                I2C1_ER_IRQHandler
                0x00000000080016fc                FMC_IRQHandler
                0x00000000080016fc                SWPMI1_IRQHandler
                0x00000000080016fc                LPTIM1_IRQHandler
                0x00000000080016fc                SAI1_IRQHandler
                0x00000000080016fc                DMA2_Channel3_IRQHandler
                0x00000000080016fc                TIM1_BRK_TIM15_IRQHandler
 *fill*         0x00000000080016fe        0x2 
 .text.HAL_Init
                0x0000000008001700       0x40 ./Drivers/STM32L4xx_HAL_Driver/Src/stm32l4xx_hal.o
                0x0000000008001700                HAL_Init
 .text.HAL_IncTick
                0x0000000008001740       0x28 ./Drivers/STM32L4xx_HAL_Driver/Src/stm32l4xx_hal.o
                0x0000000008001740                HAL_IncTick
 .text.HAL_GetTick
                0x0000000008001768       0x18 ./Drivers/STM32L4xx_HAL_Driver/Src/stm32l4xx_hal.o
                0x0000000008001768                HAL_GetTick
 .text.LL_ADC_SetCommonClock
                0x0000000008001780       0x26 ./Drivers/STM32L4xx_HAL_Driver/Src/stm32l4xx_hal_adc.o
 .text.LL_ADC_SetCommonPathInternalCh
                0x00000000080017a6       0x26 ./Drivers/STM32L4xx_HAL_Driver/Src/stm32l4xx_hal_adc.o
 .text.LL_ADC_GetCommonPathInternalCh
                0x00000000080017cc       0x1c ./Drivers/STM32L4xx_HAL_Driver/Src/stm32l4xx_hal_adc.o
 .text.LL_ADC_SetOffset
                0x00000000080017e8       0x48 ./Drivers/STM32L4xx_HAL_Driver/Src/stm32l4xx_hal_adc.o
 .text.LL_ADC_GetOffsetChannel
                0x0000000008001830       0x2c ./Drivers/STM32L4xx_HAL_Driver/Src/stm32l4xx_hal_adc.o
 .text.LL_ADC_SetOffsetState
                0x000000000800185c       0x36 ./Drivers/STM32L4xx_HAL_Driver/Src/stm32l4xx_hal_adc.o
 .text.LL_ADC_REG_IsTriggerSourceSWStart
                0x0000000008001892       0x26 ./Drivers/STM32L4xx_HAL_Driver/Src/stm32l4xx_hal_adc.o
 .text.LL_ADC_REG_SetSequencerRanks
                0x00000000080018b8       0x58 ./Drivers/STM32L4xx_HAL_Driver/Src/stm32l4xx_hal_adc.o
 .text.LL_ADC_INJ_IsTriggerSourceSWStart
                0x0000000008001910       0x26 ./Drivers/STM32L4xx_HAL_Driver/Src/stm32l4xx_hal_adc.o
 .text.LL_ADC_SetChannelSamplingTime
                0x0000000008001936       0x56 ./Drivers/STM32L4xx_HAL_Driver/Src/stm32l4xx_hal_adc.o
 .text.LL_ADC_SetChannelSingleDiff
                0x000000000800198c       0x48 ./Drivers/STM32L4xx_HAL_Driver/Src/stm32l4xx_hal_adc.o
 .text.LL_ADC_GetMultimode
                0x00000000080019d4       0x1c ./Drivers/STM32L4xx_HAL_Driver/Src/stm32l4xx_hal_adc.o
 .text.LL_ADC_GetMultiDMATransfer
                0x00000000080019f0       0x1c ./Drivers/STM32L4xx_HAL_Driver/Src/stm32l4xx_hal_adc.o
 .text.LL_ADC_DisableDeepPowerDown
                0x0000000008001a0c       0x24 ./Drivers/STM32L4xx_HAL_Driver/Src/stm32l4xx_hal_adc.o
 .text.LL_ADC_IsDeepPowerDownEnabled
                0x0000000008001a30       0x28 ./Drivers/STM32L4xx_HAL_Driver/Src/stm32l4xx_hal_adc.o
 .text.LL_ADC_EnableInternalRegulator
                0x0000000008001a58       0x28 ./Drivers/STM32L4xx_HAL_Driver/Src/stm32l4xx_hal_adc.o
 .text.LL_ADC_IsInternalRegulatorEnabled
                0x0000000008001a80       0x28 ./Drivers/STM32L4xx_HAL_Driver/Src/stm32l4xx_hal_adc.o
 .text.LL_ADC_Enable
                0x0000000008001aa8       0x28 ./Drivers/STM32L4xx_HAL_Driver/Src/stm32l4xx_hal_adc.o
 .text.LL_ADC_IsEnabled
                0x0000000008001ad0       0x26 ./Drivers/STM32L4xx_HAL_Driver/Src/stm32l4xx_hal_adc.o
 .text.LL_ADC_REG_StartConversion
                0x0000000008001af6       0x28 ./Drivers/STM32L4xx_HAL_Driver/Src/stm32l4xx_hal_adc.o
 .text.LL_ADC_REG_IsConversionOngoing
                0x0000000008001b1e       0x26 ./Drivers/STM32L4xx_HAL_Driver/Src/stm32l4xx_hal_adc.o
 .text.LL_ADC_INJ_IsConversionOngoing
                0x0000000008001b44       0x26 ./Drivers/STM32L4xx_HAL_Driver/Src/stm32l4xx_hal_adc.o
 *fill*         0x0000000008001b6a        0x2 
 .text.HAL_ADC_Init
                0x0000000008001b6c      0x2ac ./Drivers/STM32L4xx_HAL_Driver/Src/stm32l4xx_hal_adc.o
                0x0000000008001b6c                HAL_ADC_Init
 .text.HAL_ADC_Start
                0x0000000008001e18      0x174 ./Drivers/STM32L4xx_HAL_Driver/Src/stm32l4xx_hal_adc.o
                0x0000000008001e18                HAL_ADC_Start
 .text.HAL_ADC_PollForConversion
                0x0000000008001f8c      0x1b0 ./Drivers/STM32L4xx_HAL_Driver/Src/stm32l4xx_hal_adc.o
                0x0000000008001f8c                HAL_ADC_PollForConversion
 .text.HAL_ADC_GetValue
                0x000000000800213c       0x1a ./Drivers/STM32L4xx_HAL_Driver/Src/stm32l4xx_hal_adc.o
                0x000000000800213c                HAL_ADC_GetValue
 *fill*         0x0000000008002156        0x2 
 .text.HAL_ADC_IRQHandler
                0x0000000008002158      0x434 ./Drivers/STM32L4xx_HAL_Driver/Src/stm32l4xx_hal_adc.o
                0x0000000008002158                HAL_ADC_IRQHandler
 .text.HAL_ADC_ConvCpltCallback
                0x000000000800258c       0x14 ./Drivers/STM32L4xx_HAL_Driver/Src/stm32l4xx_hal_adc.o
                0x000000000800258c                HAL_ADC_ConvCpltCallback
 .text.HAL_ADC_LevelOutOfWindowCallback
                0x00000000080025a0       0x14 ./Drivers/STM32L4xx_HAL_Driver/Src/stm32l4xx_hal_adc.o
                0x00000000080025a0                HAL_ADC_LevelOutOfWindowCallback
 .text.HAL_ADC_ErrorCallback
                0x00000000080025b4       0x14 ./Drivers/STM32L4xx_HAL_Driver/Src/stm32l4xx_hal_adc.o
                0x00000000080025b4                HAL_ADC_ErrorCallback
 .text.HAL_ADC_ConfigChannel
                0x00000000080025c8      0x7e0 ./Drivers/STM32L4xx_HAL_Driver/Src/stm32l4xx_hal_adc.o
                0x00000000080025c8                HAL_ADC_ConfigChannel
 .text.ADC_Enable
                0x0000000008002da8      0x10c ./Drivers/STM32L4xx_HAL_Driver/Src/stm32l4xx_hal_adc.o
                0x0000000008002da8                ADC_Enable
 .text.LL_ADC_IsEnabled
                0x0000000008002eb4       0x26 ./Drivers/STM32L4xx_HAL_Driver/Src/stm32l4xx_hal_adc_ex.o
 .text.LL_ADC_REG_IsConversionOngoing
                0x0000000008002eda       0x26 ./Drivers/STM32L4xx_HAL_Driver/Src/stm32l4xx_hal_adc_ex.o
 .text.HAL_ADCEx_InjectedConvCpltCallback
                0x0000000008002f00       0x14 ./Drivers/STM32L4xx_HAL_Driver/Src/stm32l4xx_hal_adc_ex.o
                0x0000000008002f00                HAL_ADCEx_InjectedConvCpltCallback
 .text.HAL_ADCEx_InjectedQueueOverflowCallback
                0x0000000008002f14       0x14 ./Drivers/STM32L4xx_HAL_Driver/Src/stm32l4xx_hal_adc_ex.o
                0x0000000008002f14                HAL_ADCEx_InjectedQueueOverflowCallback
 .text.HAL_ADCEx_LevelOutOfWindow2Callback
                0x0000000008002f28       0x14 ./Drivers/STM32L4xx_HAL_Driver/Src/stm32l4xx_hal_adc_ex.o
                0x0000000008002f28                HAL_ADCEx_LevelOutOfWindow2Callback
 .text.HAL_ADCEx_LevelOutOfWindow3Callback
                0x0000000008002f3c       0x14 ./Drivers/STM32L4xx_HAL_Driver/Src/stm32l4xx_hal_adc_ex.o
                0x0000000008002f3c                HAL_ADCEx_LevelOutOfWindow3Callback
 .text.HAL_ADCEx_EndOfSamplingCallback
                0x0000000008002f50       0x14 ./Drivers/STM32L4xx_HAL_Driver/Src/stm32l4xx_hal_adc_ex.o
                0x0000000008002f50                HAL_ADCEx_EndOfSamplingCallback
 .text.HAL_ADCEx_MultiModeConfigChannel
                0x0000000008002f64      0x160 ./Drivers/STM32L4xx_HAL_Driver/Src/stm32l4xx_hal_adc_ex.o
                0x0000000008002f64                HAL_ADCEx_MultiModeConfigChannel
 .text.__NVIC_SetPriorityGrouping
                0x00000000080030c4       0x48 ./Drivers/STM32L4xx_HAL_Driver/Src/stm32l4xx_hal_cortex.o
 .text.__NVIC_GetPriorityGrouping
                0x000000000800310c       0x1c ./Drivers/STM32L4xx_HAL_Driver/Src/stm32l4xx_hal_cortex.o
 .text.__NVIC_EnableIRQ
                0x0000000008003128       0x3c ./Drivers/STM32L4xx_HAL_Driver/Src/stm32l4xx_hal_cortex.o
 .text.__NVIC_SetPriority
                0x0000000008003164       0x54 ./Drivers/STM32L4xx_HAL_Driver/Src/stm32l4xx_hal_cortex.o
 .text.NVIC_EncodePriority
                0x00000000080031b8       0x66 ./Drivers/STM32L4xx_HAL_Driver/Src/stm32l4xx_hal_cortex.o
 .text.HAL_NVIC_SetPriorityGrouping
                0x000000000800321e       0x16 ./Drivers/STM32L4xx_HAL_Driver/Src/stm32l4xx_hal_cortex.o
                0x000000000800321e                HAL_NVIC_SetPriorityGrouping
 .text.HAL_NVIC_SetPriority
                0x0000000008003234       0x38 ./Drivers/STM32L4xx_HAL_Driver/Src/stm32l4xx_hal_cortex.o
                0x0000000008003234                HAL_NVIC_SetPriority
 .text.HAL_NVIC_EnableIRQ
                0x000000000800326c       0x1c ./Drivers/STM32L4xx_HAL_Driver/Src/stm32l4xx_hal_cortex.o
                0x000000000800326c                HAL_NVIC_EnableIRQ
 .text.HAL_GPIO_Init
                0x0000000008003288      0x354 ./Drivers/STM32L4xx_HAL_Driver/Src/stm32l4xx_hal_gpio.o
                0x0000000008003288                HAL_GPIO_Init
 .text.HAL_GPIO_WritePin
                0x00000000080035dc       0x30 ./Drivers/STM32L4xx_HAL_Driver/Src/stm32l4xx_hal_gpio.o
                0x00000000080035dc                HAL_GPIO_WritePin
 .text.HAL_PWREx_GetVoltageRange
                0x000000000800360c       0x1c ./Drivers/STM32L4xx_HAL_Driver/Src/stm32l4xx_hal_pwr_ex.o
                0x000000000800360c                HAL_PWREx_GetVoltageRange
 .text.HAL_PWREx_ControlVoltageScaling
                0x0000000008003628       0xac ./Drivers/STM32L4xx_HAL_Driver/Src/stm32l4xx_hal_pwr_ex.o
                0x0000000008003628                HAL_PWREx_ControlVoltageScaling
 .text.HAL_RCC_OscConfig
                0x00000000080036d4      0x7b8 ./Drivers/STM32L4xx_HAL_Driver/Src/stm32l4xx_hal_rcc.o
                0x00000000080036d4                HAL_RCC_OscConfig
 .text.HAL_RCC_ClockConfig
                0x0000000008003e8c      0x200 ./Drivers/STM32L4xx_HAL_Driver/Src/stm32l4xx_hal_rcc.o
                0x0000000008003e8c                HAL_RCC_ClockConfig
 .text.HAL_RCC_GetSysClockFreq
                0x000000000800408c      0x118 ./Drivers/STM32L4xx_HAL_Driver/Src/stm32l4xx_hal_rcc.o
                0x000000000800408c                HAL_RCC_GetSysClockFreq
 .text.HAL_RCC_GetHCLKFreq
                0x00000000080041a4       0x18 ./Drivers/STM32L4xx_HAL_Driver/Src/stm32l4xx_hal_rcc.o
                0x00000000080041a4                HAL_RCC_GetHCLKFreq
 .text.HAL_RCC_GetPCLK2Freq
                0x00000000080041bc       0x2c ./Drivers/STM32L4xx_HAL_Driver/Src/stm32l4xx_hal_rcc.o
                0x00000000080041bc                HAL_RCC_GetPCLK2Freq
 .text.HAL_RCC_GetClockConfig
                0x00000000080041e8       0x64 ./Drivers/STM32L4xx_HAL_Driver/Src/stm32l4xx_hal_rcc.o
                0x00000000080041e8                HAL_RCC_GetClockConfig
 .text.RCC_SetFlashLatencyFromMSIRange
                0x000000000800424c       0xc0 ./Drivers/STM32L4xx_HAL_Driver/Src/stm32l4xx_hal_rcc.o
 .text.HAL_RCCEx_PeriphCLKConfig
                0x000000000800430c      0x5d4 ./Drivers/STM32L4xx_HAL_Driver/Src/stm32l4xx_hal_rcc_ex.o
                0x000000000800430c                HAL_RCCEx_PeriphCLKConfig
 .text.RCCEx_PLLSAI1_Config
                0x00000000080048e0      0x1e8 ./Drivers/STM32L4xx_HAL_Driver/Src/stm32l4xx_hal_rcc_ex.o
 .text.RCCEx_PLLSAI2_Config
                0x0000000008004ac8      0x1bc ./Drivers/STM32L4xx_HAL_Driver/Src/stm32l4xx_hal_rcc_ex.o
 .text.HAL_TIM_Base_Init
                0x0000000008004c84       0xae ./Drivers/STM32L4xx_HAL_Driver/Src/stm32l4xx_hal_tim.o
                0x0000000008004c84                HAL_TIM_Base_Init
 *fill*         0x0000000008004d32        0x2 
 .text.HAL_TIM_Base_Start_IT
                0x0000000008004d34       0xe0 ./Drivers/STM32L4xx_HAL_Driver/Src/stm32l4xx_hal_tim.o
                0x0000000008004d34                HAL_TIM_Base_Start_IT
 .text.HAL_TIM_PWM_Init
                0x0000000008004e14       0xae ./Drivers/STM32L4xx_HAL_Driver/Src/stm32l4xx_hal_tim.o
                0x0000000008004e14                HAL_TIM_PWM_Init
 .text.HAL_TIM_PWM_MspInit
                0x0000000008004ec2       0x14 ./Drivers/STM32L4xx_HAL_Driver/Src/stm32l4xx_hal_tim.o
                0x0000000008004ec2                HAL_TIM_PWM_MspInit
 *fill*         0x0000000008004ed6        0x2 
 .text.HAL_TIM_PWM_Start
                0x0000000008004ed8      0x20c ./Drivers/STM32L4xx_HAL_Driver/Src/stm32l4xx_hal_tim.o
                0x0000000008004ed8                HAL_TIM_PWM_Start
 .text.HAL_TIM_PWM_Stop
                0x00000000080050e4      0x12c ./Drivers/STM32L4xx_HAL_Driver/Src/stm32l4xx_hal_tim.o
                0x00000000080050e4                HAL_TIM_PWM_Stop
 .text.HAL_TIM_IRQHandler
                0x0000000008005210      0x23e ./Drivers/STM32L4xx_HAL_Driver/Src/stm32l4xx_hal_tim.o
                0x0000000008005210                HAL_TIM_IRQHandler
 *fill*         0x000000000800544e        0x2 
 .text.HAL_TIM_PWM_ConfigChannel
                0x0000000008005450      0x228 ./Drivers/STM32L4xx_HAL_Driver/Src/stm32l4xx_hal_tim.o
                0x0000000008005450                HAL_TIM_PWM_ConfigChannel
 .text.HAL_TIM_ConfigClockSource
                0x0000000008005678      0x192 ./Drivers/STM32L4xx_HAL_Driver/Src/stm32l4xx_hal_tim.o
                0x0000000008005678                HAL_TIM_ConfigClockSource
 .text.HAL_TIM_OC_DelayElapsedCallback
                0x000000000800580a       0x14 ./Drivers/STM32L4xx_HAL_Driver/Src/stm32l4xx_hal_tim.o
                0x000000000800580a                HAL_TIM_OC_DelayElapsedCallback
 .text.HAL_TIM_IC_CaptureCallback
                0x000000000800581e       0x14 ./Drivers/STM32L4xx_HAL_Driver/Src/stm32l4xx_hal_tim.o
                0x000000000800581e                HAL_TIM_IC_CaptureCallback
 .text.HAL_TIM_PWM_PulseFinishedCallback
                0x0000000008005832       0x14 ./Drivers/STM32L4xx_HAL_Driver/Src/stm32l4xx_hal_tim.o
                0x0000000008005832                HAL_TIM_PWM_PulseFinishedCallback
 .text.HAL_TIM_TriggerCallback
                0x0000000008005846       0x14 ./Drivers/STM32L4xx_HAL_Driver/Src/stm32l4xx_hal_tim.o
                0x0000000008005846                HAL_TIM_TriggerCallback
 *fill*         0x000000000800585a        0x2 
 .text.TIM_Base_SetConfig
                0x000000000800585c      0x134 ./Drivers/STM32L4xx_HAL_Driver/Src/stm32l4xx_hal_tim.o
                0x000000000800585c                TIM_Base_SetConfig
 .text.TIM_OC1_SetConfig
                0x0000000008005990      0x120 ./Drivers/STM32L4xx_HAL_Driver/Src/stm32l4xx_hal_tim.o
 .text.TIM_OC2_SetConfig
                0x0000000008005ab0      0x114 ./Drivers/STM32L4xx_HAL_Driver/Src/stm32l4xx_hal_tim.o
                0x0000000008005ab0                TIM_OC2_SetConfig
 .text.TIM_OC3_SetConfig
                0x0000000008005bc4      0x110 ./Drivers/STM32L4xx_HAL_Driver/Src/stm32l4xx_hal_tim.o
 .text.TIM_OC4_SetConfig
                0x0000000008005cd4       0xd4 ./Drivers/STM32L4xx_HAL_Driver/Src/stm32l4xx_hal_tim.o
 .text.TIM_OC5_SetConfig
                0x0000000008005da8       0xc8 ./Drivers/STM32L4xx_HAL_Driver/Src/stm32l4xx_hal_tim.o
 .text.TIM_OC6_SetConfig
                0x0000000008005e70       0xcc ./Drivers/STM32L4xx_HAL_Driver/Src/stm32l4xx_hal_tim.o
 .text.TIM_TI1_ConfigInputStage
                0x0000000008005f3c       0x5e ./Drivers/STM32L4xx_HAL_Driver/Src/stm32l4xx_hal_tim.o
 .text.TIM_TI2_ConfigInputStage
                0x0000000008005f9a       0x60 ./Drivers/STM32L4xx_HAL_Driver/Src/stm32l4xx_hal_tim.o
 .text.TIM_ITRx_SetConfig
                0x0000000008005ffa       0x36 ./Drivers/STM32L4xx_HAL_Driver/Src/stm32l4xx_hal_tim.o
 .text.TIM_ETR_SetConfig
                0x0000000008006030       0x40 ./Drivers/STM32L4xx_HAL_Driver/Src/stm32l4xx_hal_tim.o
                0x0000000008006030                TIM_ETR_SetConfig
 .text.TIM_CCxChannelCmd
                0x0000000008006070       0x4a ./Drivers/STM32L4xx_HAL_Driver/Src/stm32l4xx_hal_tim.o
                0x0000000008006070                TIM_CCxChannelCmd
 *fill*         0x00000000080060ba        0x2 
 .text.HAL_TIMEx_MasterConfigSynchronization
                0x00000000080060bc      0x110 ./Drivers/STM32L4xx_HAL_Driver/Src/stm32l4xx_hal_tim_ex.o
                0x00000000080060bc                HAL_TIMEx_MasterConfigSynchronization
 .text.HAL_TIMEx_CommutCallback
                0x00000000080061cc       0x14 ./Drivers/STM32L4xx_HAL_Driver/Src/stm32l4xx_hal_tim_ex.o
                0x00000000080061cc                HAL_TIMEx_CommutCallback
 .text.HAL_TIMEx_BreakCallback
                0x00000000080061e0       0x14 ./Drivers/STM32L4xx_HAL_Driver/Src/stm32l4xx_hal_tim_ex.o
                0x00000000080061e0                HAL_TIMEx_BreakCallback
 .text.HAL_TIMEx_Break2Callback
                0x00000000080061f4       0x14 ./Drivers/STM32L4xx_HAL_Driver/Src/stm32l4xx_hal_tim_ex.o
                0x00000000080061f4                HAL_TIMEx_Break2Callback
 .text.LL_GPIO_SetPinMode
                0x0000000008006208       0x7a ./Drivers/STM32L4xx_HAL_Driver/Src/stm32l4xx_ll_gpio.o
 .text.LL_GPIO_SetPinOutputType
                0x0000000008006282       0x30 ./Drivers/STM32L4xx_HAL_Driver/Src/stm32l4xx_ll_gpio.o
 .text.LL_GPIO_SetPinSpeed
                0x00000000080062b2       0x7a ./Drivers/STM32L4xx_HAL_Driver/Src/stm32l4xx_ll_gpio.o
 .text.LL_GPIO_SetPinPull
                0x000000000800632c       0x7a ./Drivers/STM32L4xx_HAL_Driver/Src/stm32l4xx_ll_gpio.o
 .text.LL_GPIO_SetAFPin_0_7
                0x00000000080063a6       0x7a ./Drivers/STM32L4xx_HAL_Driver/Src/stm32l4xx_ll_gpio.o
 .text.LL_GPIO_SetAFPin_8_15
                0x0000000008006420       0x7e ./Drivers/STM32L4xx_HAL_Driver/Src/stm32l4xx_ll_gpio.o
 .text.LL_GPIO_Init
                0x000000000800649e       0xdc ./Drivers/STM32L4xx_HAL_Driver/Src/stm32l4xx_ll_gpio.o
                0x000000000800649e                LL_GPIO_Init
 *fill*         0x000000000800657a        0x2 
 .text.LL_RCC_HSI_IsReady
                0x000000000800657c       0x28 ./Drivers/STM32L4xx_HAL_Driver/Src/stm32l4xx_ll_rcc.o
 .text.LL_RCC_LSE_IsReady
                0x00000000080065a4       0x28 ./Drivers/STM32L4xx_HAL_Driver/Src/stm32l4xx_ll_rcc.o
 .text.LL_RCC_MSI_IsEnabledRangeSelect
                0x00000000080065cc       0x24 ./Drivers/STM32L4xx_HAL_Driver/Src/stm32l4xx_ll_rcc.o
 .text.LL_RCC_MSI_GetRange
                0x00000000080065f0       0x1c ./Drivers/STM32L4xx_HAL_Driver/Src/stm32l4xx_ll_rcc.o
 .text.LL_RCC_MSI_GetRangeAfterStandby
                0x000000000800660c       0x1c ./Drivers/STM32L4xx_HAL_Driver/Src/stm32l4xx_ll_rcc.o
 .text.LL_RCC_GetSysClkSource
                0x0000000008006628       0x1c ./Drivers/STM32L4xx_HAL_Driver/Src/stm32l4xx_ll_rcc.o
 .text.LL_RCC_GetAHBPrescaler
                0x0000000008006644       0x1c ./Drivers/STM32L4xx_HAL_Driver/Src/stm32l4xx_ll_rcc.o
 .text.LL_RCC_GetAPB1Prescaler
                0x0000000008006660       0x1c ./Drivers/STM32L4xx_HAL_Driver/Src/stm32l4xx_ll_rcc.o
 .text.LL_RCC_GetAPB2Prescaler
                0x000000000800667c       0x1c ./Drivers/STM32L4xx_HAL_Driver/Src/stm32l4xx_ll_rcc.o
 .text.LL_RCC_GetUSARTClockSource
                0x0000000008006698       0x28 ./Drivers/STM32L4xx_HAL_Driver/Src/stm32l4xx_ll_rcc.o
 .text.LL_RCC_GetUARTClockSource
                0x00000000080066c0       0x28 ./Drivers/STM32L4xx_HAL_Driver/Src/stm32l4xx_ll_rcc.o
 .text.LL_RCC_PLL_GetMainSource
                0x00000000080066e8       0x1c ./Drivers/STM32L4xx_HAL_Driver/Src/stm32l4xx_ll_rcc.o
 .text.LL_RCC_PLL_GetN
                0x0000000008006704       0x1c ./Drivers/STM32L4xx_HAL_Driver/Src/stm32l4xx_ll_rcc.o
 .text.LL_RCC_PLL_GetR
                0x0000000008006720       0x1c ./Drivers/STM32L4xx_HAL_Driver/Src/stm32l4xx_ll_rcc.o
 .text.LL_RCC_PLL_GetDivider
                0x000000000800673c       0x1c ./Drivers/STM32L4xx_HAL_Driver/Src/stm32l4xx_ll_rcc.o
 .text.LL_RCC_GetUSARTClockFreq
                0x0000000008006758      0x1c8 ./Drivers/STM32L4xx_HAL_Driver/Src/stm32l4xx_ll_rcc.o
                0x0000000008006758                LL_RCC_GetUSARTClockFreq
 .text.LL_RCC_GetUARTClockFreq
                0x0000000008006920      0x130 ./Drivers/STM32L4xx_HAL_Driver/Src/stm32l4xx_ll_rcc.o
                0x0000000008006920                LL_RCC_GetUARTClockFreq
 .text.RCC_GetSystemClockFreq
                0x0000000008006a50      0x120 ./Drivers/STM32L4xx_HAL_Driver/Src/stm32l4xx_ll_rcc.o
 .text.RCC_GetHCLKClockFreq
                0x0000000008006b70       0x2c ./Drivers/STM32L4xx_HAL_Driver/Src/stm32l4xx_ll_rcc.o
 .text.RCC_GetPCLK1ClockFreq
                0x0000000008006b9c       0x28 ./Drivers/STM32L4xx_HAL_Driver/Src/stm32l4xx_ll_rcc.o
 .text.RCC_GetPCLK2ClockFreq
                0x0000000008006bc4       0x28 ./Drivers/STM32L4xx_HAL_Driver/Src/stm32l4xx_ll_rcc.o
 .text.RCC_PLL_GetFreqDomain_SYS
                0x0000000008006bec      0x118 ./Drivers/STM32L4xx_HAL_Driver/Src/stm32l4xx_ll_rcc.o
 .text.LL_USART_IsEnabled
                0x0000000008006d04       0x26 ./Drivers/STM32L4xx_HAL_Driver/Src/stm32l4xx_ll_usart.o
 .text.LL_USART_SetStopBitsLength
                0x0000000008006d2a       0x26 ./Drivers/STM32L4xx_HAL_Driver/Src/stm32l4xx_ll_usart.o
 .text.LL_USART_SetHWFlowCtrl
                0x0000000008006d50       0x26 ./Drivers/STM32L4xx_HAL_Driver/Src/stm32l4xx_ll_usart.o
 .text.LL_USART_SetBaudRate
                0x0000000008006d76       0x6e ./Drivers/STM32L4xx_HAL_Driver/Src/stm32l4xx_ll_usart.o
 .text.LL_USART_Init
                0x0000000008006de4       0xf8 ./Drivers/STM32L4xx_HAL_Driver/Src/stm32l4xx_ll_usart.o
                0x0000000008006de4                LL_USART_Init
 .text.makeFreeRtosPriority
                0x0000000008006edc       0x30 ./Middlewares/Third_Party/FreeRTOS/Source/CMSIS_RTOS/cmsis_os.o
 .text.osKernelStart
                0x0000000008006f0c        0xe ./Middlewares/Third_Party/FreeRTOS/Source/CMSIS_RTOS/cmsis_os.o
                0x0000000008006f0c                osKernelStart
 .text.osThreadCreate
                0x0000000008006f1a       0x98 ./Middlewares/Third_Party/FreeRTOS/Source/CMSIS_RTOS/cmsis_os.o
                0x0000000008006f1a                osThreadCreate
 .text.osDelay  0x0000000008006fb2       0x28 ./Middlewares/Third_Party/FreeRTOS/Source/CMSIS_RTOS/cmsis_os.o
                0x0000000008006fb2                osDelay
 .text.xEventGroupCreate
                0x0000000008006fda       0x34 ./Middlewares/Third_Party/FreeRTOS/Source/event_groups.o
                0x0000000008006fda                xEventGroupCreate
 .text.vListInitialise
                0x000000000800700e       0x40 ./Middlewares/Third_Party/FreeRTOS/Source/list.o
                0x000000000800700e                vListInitialise
 .text.vListInitialiseItem
                0x000000000800704e       0x1a ./Middlewares/Third_Party/FreeRTOS/Source/list.o
                0x000000000800704e                vListInitialiseItem
 .text.vListInsertEnd
                0x0000000008007068       0x48 ./Middlewares/Third_Party/FreeRTOS/Source/list.o
                0x0000000008007068                vListInsertEnd
 .text.vListInsert
                0x00000000080070b0       0x72 ./Middlewares/Third_Party/FreeRTOS/Source/list.o
                0x00000000080070b0                vListInsert
 .text.uxListRemove
                0x0000000008007122       0x54 ./Middlewares/Third_Party/FreeRTOS/Source/list.o
                0x0000000008007122                uxListRemove
 *fill*         0x0000000008007176        0x2 
 .text.xQueueGenericReset
                0x0000000008007178       0xd0 ./Middlewares/Third_Party/FreeRTOS/Source/queue.o
                0x0000000008007178                xQueueGenericReset
 .text.xQueueGenericCreate
                0x0000000008007248       0x74 ./Middlewares/Third_Party/FreeRTOS/Source/queue.o
                0x0000000008007248                xQueueGenericCreate
 .text.prvInitialiseNewQueue
                0x00000000080072bc       0x3e ./Middlewares/Third_Party/FreeRTOS/Source/queue.o
 *fill*         0x00000000080072fa        0x2 
 .text.xQueueGenericSend
                0x00000000080072fc      0x1fc ./Middlewares/Third_Party/FreeRTOS/Source/queue.o
                0x00000000080072fc                xQueueGenericSend
 .text.xQueueGenericSendFromISR
                0x00000000080074f8      0x136 ./Middlewares/Third_Party/FreeRTOS/Source/queue.o
                0x00000000080074f8                xQueueGenericSendFromISR
 .text.xQueueReceiveFromISR
                0x000000000800762e      0x100 ./Middlewares/Third_Party/FreeRTOS/Source/queue.o
                0x000000000800762e                xQueueReceiveFromISR
 .text.prvCopyDataToQueue
                0x000000000800772e       0xd4 ./Middlewares/Third_Party/FreeRTOS/Source/queue.o
 .text.prvCopyDataFromQueue
                0x0000000008007802       0x4c ./Middlewares/Third_Party/FreeRTOS/Source/queue.o
 .text.prvUnlockQueue
                0x000000000800784e       0xa4 ./Middlewares/Third_Party/FreeRTOS/Source/queue.o
 .text.prvIsQueueFull
                0x00000000080078f2       0x30 ./Middlewares/Third_Party/FreeRTOS/Source/queue.o
 .text.xTaskCreateStatic
                0x0000000008007922       0xba ./Middlewares/Third_Party/FreeRTOS/Source/tasks.o
                0x0000000008007922                xTaskCreateStatic
 .text.xTaskCreate
                0x00000000080079dc       0x8a ./Middlewares/Third_Party/FreeRTOS/Source/tasks.o
                0x00000000080079dc                xTaskCreate
 *fill*         0x0000000008007a66        0x2 
 .text.prvInitialiseNewTask
                0x0000000008007a68      0x13c ./Middlewares/Third_Party/FreeRTOS/Source/tasks.o
 .text.prvAddNewTaskToReadyList
                0x0000000008007ba4       0xd4 ./Middlewares/Third_Party/FreeRTOS/Source/tasks.o
 .text.vTaskDelay
                0x0000000008007c78       0x68 ./Middlewares/Third_Party/FreeRTOS/Source/tasks.o
                0x0000000008007c78                vTaskDelay
 .text.vTaskStartScheduler
                0x0000000008007ce0       0xd4 ./Middlewares/Third_Party/FreeRTOS/Source/tasks.o
                0x0000000008007ce0                vTaskStartScheduler
 .text.vTaskSuspendAll
                0x0000000008007db4       0x1c ./Middlewares/Third_Party/FreeRTOS/Source/tasks.o
                0x0000000008007db4                vTaskSuspendAll
 .text.xTaskResumeAll
                0x0000000008007dd0      0x138 ./Middlewares/Third_Party/FreeRTOS/Source/tasks.o
                0x0000000008007dd0                xTaskResumeAll
 .text.xTaskIncrementTick
                0x0000000008007f08      0x170 ./Middlewares/Third_Party/FreeRTOS/Source/tasks.o
                0x0000000008007f08                xTaskIncrementTick
 .text.vTaskSwitchContext
                0x0000000008008078       0xc4 ./Middlewares/Third_Party/FreeRTOS/Source/tasks.o
                0x0000000008008078                vTaskSwitchContext
 .text.vTaskPlaceOnEventList
                0x000000000800813c       0x48 ./Middlewares/Third_Party/FreeRTOS/Source/tasks.o
                0x000000000800813c                vTaskPlaceOnEventList
 .text.xTaskRemoveFromEventList
                0x0000000008008184       0xc4 ./Middlewares/Third_Party/FreeRTOS/Source/tasks.o
                0x0000000008008184                xTaskRemoveFromEventList
 .text.vTaskInternalSetTimeOutState
                0x0000000008008248       0x2c ./Middlewares/Third_Party/FreeRTOS/Source/tasks.o
                0x0000000008008248                vTaskInternalSetTimeOutState
 .text.xTaskCheckForTimeOut
                0x0000000008008274       0xc4 ./Middlewares/Third_Party/FreeRTOS/Source/tasks.o
                0x0000000008008274                xTaskCheckForTimeOut
 .text.vTaskMissedYield
                0x0000000008008338       0x18 ./Middlewares/Third_Party/FreeRTOS/Source/tasks.o
                0x0000000008008338                vTaskMissedYield
 .text.prvIdleTask
                0x0000000008008350       0x30 ./Middlewares/Third_Party/FreeRTOS/Source/tasks.o
 .text.prvInitialiseTaskLists
                0x0000000008008380       0x80 ./Middlewares/Third_Party/FreeRTOS/Source/tasks.o
 .text.prvCheckTasksWaitingTermination
                0x0000000008008400       0x5c ./Middlewares/Third_Party/FreeRTOS/Source/tasks.o
 .text.prvDeleteTCB
                0x000000000800845c       0x68 ./Middlewares/Third_Party/FreeRTOS/Source/tasks.o
 .text.prvResetNextTaskUnblockTime
                0x00000000080084c4       0x40 ./Middlewares/Third_Party/FreeRTOS/Source/tasks.o
 .text.xTaskGetSchedulerState
                0x0000000008008504       0x3c ./Middlewares/Third_Party/FreeRTOS/Source/tasks.o
                0x0000000008008504                xTaskGetSchedulerState
 .text.xTaskPriorityDisinherit
                0x0000000008008540      0x10c ./Middlewares/Third_Party/FreeRTOS/Source/tasks.o
                0x0000000008008540                xTaskPriorityDisinherit
 .text.prvAddCurrentTaskToDelayedList
                0x000000000800864c       0xcc ./Middlewares/Third_Party/FreeRTOS/Source/tasks.o
 .text.pxPortInitialiseStack
                0x0000000008008718       0x68 ./Middlewares/Third_Party/FreeRTOS/Source/portable/GCC/ARM_CM4F/port.o
                0x0000000008008718                pxPortInitialiseStack
 .text.prvTaskExitError
                0x0000000008008780       0x58 ./Middlewares/Third_Party/FreeRTOS/Source/portable/GCC/ARM_CM4F/port.o
 *fill*         0x00000000080087d8        0x8 
 .text.SVC_Handler
                0x00000000080087e0       0x28 ./Middlewares/Third_Party/FreeRTOS/Source/portable/GCC/ARM_CM4F/port.o
                0x00000000080087e0                SVC_Handler
 .text.prvPortStartFirstTask
                0x0000000008008808       0x28 ./Middlewares/Third_Party/FreeRTOS/Source/portable/GCC/ARM_CM4F/port.o
 .text.xPortStartScheduler
                0x0000000008008830      0x144 ./Middlewares/Third_Party/FreeRTOS/Source/portable/GCC/ARM_CM4F/port.o
                0x0000000008008830                xPortStartScheduler
 .text.vPortEnterCritical
                0x0000000008008974       0x60 ./Middlewares/Third_Party/FreeRTOS/Source/portable/GCC/ARM_CM4F/port.o
                0x0000000008008974                vPortEnterCritical
 .text.vPortExitCritical
                0x00000000080089d4       0x54 ./Middlewares/Third_Party/FreeRTOS/Source/portable/GCC/ARM_CM4F/port.o
                0x00000000080089d4                vPortExitCritical
 *fill*         0x0000000008008a28        0x8 
 .text.PendSV_Handler
                0x0000000008008a30       0x68 ./Middlewares/Third_Party/FreeRTOS/Source/portable/GCC/ARM_CM4F/port.o
                0x0000000008008a30                PendSV_Handler
 .text.SysTick_Handler
                0x0000000008008a98       0x44 ./Middlewares/Third_Party/FreeRTOS/Source/portable/GCC/ARM_CM4F/port.o
                0x0000000008008a98                SysTick_Handler
 .text.vPortSetupTimerInterrupt
                0x0000000008008adc       0x48 ./Middlewares/Third_Party/FreeRTOS/Source/portable/GCC/ARM_CM4F/port.o
                0x0000000008008adc                vPortSetupTimerInterrupt
 .text.vPortEnableVFP
                0x0000000008008b24       0x14 ./Middlewares/Third_Party/FreeRTOS/Source/portable/GCC/ARM_CM4F/port.o
 .text.vPortValidateInterruptPriority
                0x0000000008008b38       0x80 ./Middlewares/Third_Party/FreeRTOS/Source/portable/GCC/ARM_CM4F/port.o
                0x0000000008008b38                vPortValidateInterruptPriority
 .text.pvPortMalloc
                0x0000000008008bb8      0x198 ./Middlewares/Third_Party/FreeRTOS/Source/portable/MemMang/heap_4.o
                0x0000000008008bb8                pvPortMalloc
 .text.vPortFree
                0x0000000008008d50       0xc4 ./Middlewares/Third_Party/FreeRTOS/Source/portable/MemMang/heap_4.o
                0x0000000008008d50                vPortFree
 .text.prvHeapInit
                0x0000000008008e14       0xc4 ./Middlewares/Third_Party/FreeRTOS/Source/portable/MemMang/heap_4.o
 .text.prvInsertBlockIntoFreeList
                0x0000000008008ed8       0xb4 ./Middlewares/Third_Party/FreeRTOS/Source/portable/MemMang/heap_4.o
 .text.__errno  0x0000000008008f8c        0xc d:/stm32cubeide_1.9.0/stm32cubeide/plugins/com.st.stm32cube.ide.mcu.externaltools.gnu-tools-for-stm32.10.3-2021.10.win32_1.0.0.202111181127/tools/bin/../lib/gcc/arm-none-eabi/10.3.1/../../../../arm-none-eabi/lib/thumb/v7e-m+fp/hard\libc_nano.a(lib_a-errno.o)
                0x0000000008008f8c                __errno
 .text.__libc_init_array
                0x0000000008008f98       0x48 d:/stm32cubeide_1.9.0/stm32cubeide/plugins/com.st.stm32cube.ide.mcu.externaltools.gnu-tools-for-stm32.10.3-2021.10.win32_1.0.0.202111181127/tools/bin/../lib/gcc/arm-none-eabi/10.3.1/../../../../arm-none-eabi/lib/thumb/v7e-m+fp/hard\libc_nano.a(lib_a-init.o)
                0x0000000008008f98                __libc_init_array
 .text.__retarget_lock_acquire_recursive
                0x0000000008008fe0        0x2 d:/stm32cubeide_1.9.0/stm32cubeide/plugins/com.st.stm32cube.ide.mcu.externaltools.gnu-tools-for-stm32.10.3-2021.10.win32_1.0.0.202111181127/tools/bin/../lib/gcc/arm-none-eabi/10.3.1/../../../../arm-none-eabi/lib/thumb/v7e-m+fp/hard\libc_nano.a(lib_a-lock.o)
                0x0000000008008fe0                __retarget_lock_acquire_recursive
 .text.__retarget_lock_release_recursive
                0x0000000008008fe2        0x2 d:/stm32cubeide_1.9.0/stm32cubeide/plugins/com.st.stm32cube.ide.mcu.externaltools.gnu-tools-for-stm32.10.3-2021.10.win32_1.0.0.202111181127/tools/bin/../lib/gcc/arm-none-eabi/10.3.1/../../../../arm-none-eabi/lib/thumb/v7e-m+fp/hard\libc_nano.a(lib_a-lock.o)
                0x0000000008008fe2                __retarget_lock_release_recursive
 .text.memcpy   0x0000000008008fe4       0x1c d:/stm32cubeide_1.9.0/stm32cubeide/plugins/com.st.stm32cube.ide.mcu.externaltools.gnu-tools-for-stm32.10.3-2021.10.win32_1.0.0.202111181127/tools/bin/../lib/gcc/arm-none-eabi/10.3.1/../../../../arm-none-eabi/lib/thumb/v7e-m+fp/hard\libc_nano.a(lib_a-memcpy-stub.o)
                0x0000000008008fe4                memcpy
 .text.memset   0x0000000008009000       0x10 d:/stm32cubeide_1.9.0/stm32cubeide/plugins/com.st.stm32cube.ide.mcu.externaltools.gnu-tools-for-stm32.10.3-2021.10.win32_1.0.0.202111181127/tools/bin/../lib/gcc/arm-none-eabi/10.3.1/../../../../arm-none-eabi/lib/thumb/v7e-m+fp/hard\libc_nano.a(lib_a-memset.o)
                0x0000000008009000                memset
 .text.sbrk_aligned
                0x0000000008009010       0x40 d:/stm32cubeide_1.9.0/stm32cubeide/plugins/com.st.stm32cube.ide.mcu.externaltools.gnu-tools-for-stm32.10.3-2021.10.win32_1.0.0.202111181127/tools/bin/../lib/gcc/arm-none-eabi/10.3.1/../../../../arm-none-eabi/lib/thumb/v7e-m+fp/hard\libc_nano.a(lib_a-nano-mallocr.o)
 .text._malloc_r
                0x0000000008009050       0xe8 d:/stm32cubeide_1.9.0/stm32cubeide/plugins/com.st.stm32cube.ide.mcu.externaltools.gnu-tools-for-stm32.10.3-2021.10.win32_1.0.0.202111181127/tools/bin/../lib/gcc/arm-none-eabi/10.3.1/../../../../arm-none-eabi/lib/thumb/v7e-m+fp/hard\libc_nano.a(lib_a-nano-mallocr.o)
                0x0000000008009050                _malloc_r
 .text.cleanup_glue
                0x0000000008009138       0x1a d:/stm32cubeide_1.9.0/stm32cubeide/plugins/com.st.stm32cube.ide.mcu.externaltools.gnu-tools-for-stm32.10.3-2021.10.win32_1.0.0.202111181127/tools/bin/../lib/gcc/arm-none-eabi/10.3.1/../../../../arm-none-eabi/lib/thumb/v7e-m+fp/hard\libc_nano.a(lib_a-reent.o)
                0x0000000008009138                cleanup_glue
 *fill*         0x0000000008009152        0x2 
 .text._reclaim_reent
                0x0000000008009154       0xb8 d:/stm32cubeide_1.9.0/stm32cubeide/plugins/com.st.stm32cube.ide.mcu.externaltools.gnu-tools-for-stm32.10.3-2021.10.win32_1.0.0.202111181127/tools/bin/../lib/gcc/arm-none-eabi/10.3.1/../../../../arm-none-eabi/lib/thumb/v7e-m+fp/hard\libc_nano.a(lib_a-reent.o)
                0x0000000008009154                _reclaim_reent
 .text._sbrk_r  0x000000000800920c       0x20 d:/stm32cubeide_1.9.0/stm32cubeide/plugins/com.st.stm32cube.ide.mcu.externaltools.gnu-tools-for-stm32.10.3-2021.10.win32_1.0.0.202111181127/tools/bin/../lib/gcc/arm-none-eabi/10.3.1/../../../../arm-none-eabi/lib/thumb/v7e-m+fp/hard\libc_nano.a(lib_a-sbrkr.o)
                0x000000000800920c                _sbrk_r
 .text.sprintf  0x000000000800922c       0x40 d:/stm32cubeide_1.9.0/stm32cubeide/plugins/com.st.stm32cube.ide.mcu.externaltools.gnu-tools-for-stm32.10.3-2021.10.win32_1.0.0.202111181127/tools/bin/../lib/gcc/arm-none-eabi/10.3.1/../../../../arm-none-eabi/lib/thumb/v7e-m+fp/hard\libc_nano.a(lib_a-sprintf.o)
                0x000000000800922c                siprintf
                0x000000000800922c                sprintf
 .text.__malloc_lock
                0x000000000800926c        0xc d:/stm32cubeide_1.9.0/stm32cubeide/plugins/com.st.stm32cube.ide.mcu.externaltools.gnu-tools-for-stm32.10.3-2021.10.win32_1.0.0.202111181127/tools/bin/../lib/gcc/arm-none-eabi/10.3.1/../../../../arm-none-eabi/lib/thumb/v7e-m+fp/hard\libc_nano.a(lib_a-mlock.o)
                0x000000000800926c                __malloc_lock
 .text.__malloc_unlock
                0x0000000008009278        0xc d:/stm32cubeide_1.9.0/stm32cubeide/plugins/com.st.stm32cube.ide.mcu.externaltools.gnu-tools-for-stm32.10.3-2021.10.win32_1.0.0.202111181127/tools/bin/../lib/gcc/arm-none-eabi/10.3.1/../../../../arm-none-eabi/lib/thumb/v7e-m+fp/hard\libc_nano.a(lib_a-mlock.o)
                0x0000000008009278                __malloc_unlock
 .text._free_r  0x0000000008009284       0x98 d:/stm32cubeide_1.9.0/stm32cubeide/plugins/com.st.stm32cube.ide.mcu.externaltools.gnu-tools-for-stm32.10.3-2021.10.win32_1.0.0.202111181127/tools/bin/../lib/gcc/arm-none-eabi/10.3.1/../../../../arm-none-eabi/lib/thumb/v7e-m+fp/hard\libc_nano.a(lib_a-nano-freer.o)
                0x0000000008009284                _free_r
 .text.__ssputs_r
                0x000000000800931c       0xb6 d:/stm32cubeide_1.9.0/stm32cubeide/plugins/com.st.stm32cube.ide.mcu.externaltools.gnu-tools-for-stm32.10.3-2021.10.win32_1.0.0.202111181127/tools/bin/../lib/gcc/arm-none-eabi/10.3.1/../../../../arm-none-eabi/lib/thumb/v7e-m+fp/hard\libc_nano.a(lib_a-nano-svfprintf.o)
                0x000000000800931c                __ssputs_r
 *fill*         0x00000000080093d2        0x2 
 .text._svfprintf_r
                0x00000000080093d4      0x200 d:/stm32cubeide_1.9.0/stm32cubeide/plugins/com.st.stm32cube.ide.mcu.externaltools.gnu-tools-for-stm32.10.3-2021.10.win32_1.0.0.202111181127/tools/bin/../lib/gcc/arm-none-eabi/10.3.1/../../../../arm-none-eabi/lib/thumb/v7e-m+fp/hard\libc_nano.a(lib_a-nano-svfprintf.o)
                0x00000000080093d4                _svfiprintf_r
                0x00000000080093d4                _svfprintf_r
 .text._printf_common
                0x00000000080095d4       0xda d:/stm32cubeide_1.9.0/stm32cubeide/plugins/com.st.stm32cube.ide.mcu.externaltools.gnu-tools-for-stm32.10.3-2021.10.win32_1.0.0.202111181127/tools/bin/../lib/gcc/arm-none-eabi/10.3.1/../../../../arm-none-eabi/lib/thumb/v7e-m+fp/hard\libc_nano.a(lib_a-nano-vfprintf_i.o)
                0x00000000080095d4                _printf_common
 *fill*         0x00000000080096ae        0x2 
 .text._printf_i
                0x00000000080096b0      0x24c d:/stm32cubeide_1.9.0/stm32cubeide/plugins/com.st.stm32cube.ide.mcu.externaltools.gnu-tools-for-stm32.10.3-2021.10.win32_1.0.0.202111181127/tools/bin/../lib/gcc/arm-none-eabi/10.3.1/../../../../arm-none-eabi/lib/thumb/v7e-m+fp/hard\libc_nano.a(lib_a-nano-vfprintf_i.o)
                0x00000000080096b0                _printf_i
 .text.memmove  0x00000000080098fc       0x34 d:/stm32cubeide_1.9.0/stm32cubeide/plugins/com.st.stm32cube.ide.mcu.externaltools.gnu-tools-for-stm32.10.3-2021.10.win32_1.0.0.202111181127/tools/bin/../lib/gcc/arm-none-eabi/10.3.1/../../../../arm-none-eabi/lib/thumb/v7e-m+fp/hard\libc_nano.a(lib_a-memmove.o)
                0x00000000080098fc                memmove
 .text._realloc_r
                0x0000000008009930       0x5e d:/stm32cubeide_1.9.0/stm32cubeide/plugins/com.st.stm32cube.ide.mcu.externaltools.gnu-tools-for-stm32.10.3-2021.10.win32_1.0.0.202111181127/tools/bin/../lib/gcc/arm-none-eabi/10.3.1/../../../../arm-none-eabi/lib/thumb/v7e-m+fp/hard\libc_nano.a(lib_a-nano-reallocr.o)
                0x0000000008009930                _realloc_r
 .text._malloc_usable_size_r
                0x000000000800998e       0x10 d:/stm32cubeide_1.9.0/stm32cubeide/plugins/com.st.stm32cube.ide.mcu.externaltools.gnu-tools-for-stm32.10.3-2021.10.win32_1.0.0.202111181127/tools/bin/../lib/gcc/arm-none-eabi/10.3.1/../../../../arm-none-eabi/lib/thumb/v7e-m+fp/hard\libc_nano.a(lib_a-nano-msizer.o)
                0x000000000800998e                _malloc_usable_size_r
 *(.glue_7)
 .glue_7        0x000000000800999e        0x0 linker stubs
 *(.glue_7t)
 .glue_7t       0x000000000800999e        0x0 linker stubs
 *(.eh_frame)
 *fill*         0x000000000800999e        0x2 
 .eh_frame      0x00000000080099a0        0x0 d:/stm32cubeide_1.9.0/stm32cubeide/plugins/com.st.stm32cube.ide.mcu.externaltools.gnu-tools-for-stm32.10.3-2021.10.win32_1.0.0.202111181127/tools/bin/../lib/gcc/arm-none-eabi/10.3.1/thumb/v7e-m+fp/hard/crtbegin.o
 *(.init)
 .init          0x00000000080099a0        0x4 d:/stm32cubeide_1.9.0/stm32cubeide/plugins/com.st.stm32cube.ide.mcu.externaltools.gnu-tools-for-stm32.10.3-2021.10.win32_1.0.0.202111181127/tools/bin/../lib/gcc/arm-none-eabi/10.3.1/thumb/v7e-m+fp/hard/crti.o
                0x00000000080099a0                _init
 .init          0x00000000080099a4        0x8 d:/stm32cubeide_1.9.0/stm32cubeide/plugins/com.st.stm32cube.ide.mcu.externaltools.gnu-tools-for-stm32.10.3-2021.10.win32_1.0.0.202111181127/tools/bin/../lib/gcc/arm-none-eabi/10.3.1/thumb/v7e-m+fp/hard/crtn.o
 *(.fini)
 .fini          0x00000000080099ac        0x4 d:/stm32cubeide_1.9.0/stm32cubeide/plugins/com.st.stm32cube.ide.mcu.externaltools.gnu-tools-for-stm32.10.3-2021.10.win32_1.0.0.202111181127/tools/bin/../lib/gcc/arm-none-eabi/10.3.1/thumb/v7e-m+fp/hard/crti.o
                0x00000000080099ac                _fini
 .fini          0x00000000080099b0        0x8 d:/stm32cubeide_1.9.0/stm32cubeide/plugins/com.st.stm32cube.ide.mcu.externaltools.gnu-tools-for-stm32.10.3-2021.10.win32_1.0.0.202111181127/tools/bin/../lib/gcc/arm-none-eabi/10.3.1/thumb/v7e-m+fp/hard/crtn.o
                0x00000000080099b8                . = ALIGN (0x4)
                0x00000000080099b8                _etext = .

.vfp11_veneer   0x00000000080099b8        0x0
 .vfp11_veneer  0x00000000080099b8        0x0 linker stubs

.v4_bx          0x00000000080099b8        0x0
 .v4_bx         0x00000000080099b8        0x0 linker stubs

.iplt           0x00000000080099b8        0x0
 .iplt          0x00000000080099b8        0x0 d:/stm32cubeide_1.9.0/stm32cubeide/plugins/com.st.stm32cube.ide.mcu.externaltools.gnu-tools-for-stm32.10.3-2021.10.win32_1.0.0.202111181127/tools/bin/../lib/gcc/arm-none-eabi/10.3.1/thumb/v7e-m+fp/hard/crtbegin.o

.rodata         0x00000000080099b8      0x134
                0x00000000080099b8                . = ALIGN (0x4)
 *(.rodata)
 .rodata        0x00000000080099b8       0x50 ./Core/Src/main.o
 .rodata        0x0000000008009a08        0x5 ./Middlewares/Third_Party/FreeRTOS/Source/tasks.o
 *(.rodata*)
 *fill*         0x0000000008009a0d        0x3 
 .rodata.AHBPrescTable
                0x0000000008009a10       0x10 ./Core/Src/system_stm32l4xx.o
                0x0000000008009a10                AHBPrescTable
 .rodata.APBPrescTable
                0x0000000008009a20        0x8 ./Core/Src/system_stm32l4xx.o
                0x0000000008009a20                APBPrescTable
 .rodata.MSIRangeTable
                0x0000000008009a28       0x30 ./Core/Src/system_stm32l4xx.o
                0x0000000008009a28                MSIRangeTable
 .rodata.__sf_fake_stderr
                0x0000000008009a58       0x20 d:/stm32cubeide_1.9.0/stm32cubeide/plugins/com.st.stm32cube.ide.mcu.externaltools.gnu-tools-for-stm32.10.3-2021.10.win32_1.0.0.202111181127/tools/bin/../lib/gcc/arm-none-eabi/10.3.1/../../../../arm-none-eabi/lib/thumb/v7e-m+fp/hard\libc_nano.a(lib_a-findfp.o)
                0x0000000008009a58                __sf_fake_stderr
 .rodata.__sf_fake_stdin
                0x0000000008009a78       0x20 d:/stm32cubeide_1.9.0/stm32cubeide/plugins/com.st.stm32cube.ide.mcu.externaltools.gnu-tools-for-stm32.10.3-2021.10.win32_1.0.0.202111181127/tools/bin/../lib/gcc/arm-none-eabi/10.3.1/../../../../arm-none-eabi/lib/thumb/v7e-m+fp/hard\libc_nano.a(lib_a-findfp.o)
                0x0000000008009a78                __sf_fake_stdin
 .rodata.__sf_fake_stdout
                0x0000000008009a98       0x20 d:/stm32cubeide_1.9.0/stm32cubeide/plugins/com.st.stm32cube.ide.mcu.externaltools.gnu-tools-for-stm32.10.3-2021.10.win32_1.0.0.202111181127/tools/bin/../lib/gcc/arm-none-eabi/10.3.1/../../../../arm-none-eabi/lib/thumb/v7e-m+fp/hard\libc_nano.a(lib_a-findfp.o)
                0x0000000008009a98                __sf_fake_stdout
 .rodata._svfprintf_r.str1.1
                0x0000000008009ab8       0x11 d:/stm32cubeide_1.9.0/stm32cubeide/plugins/com.st.stm32cube.ide.mcu.externaltools.gnu-tools-for-stm32.10.3-2021.10.win32_1.0.0.202111181127/tools/bin/../lib/gcc/arm-none-eabi/10.3.1/../../../../arm-none-eabi/lib/thumb/v7e-m+fp/hard\libc_nano.a(lib_a-nano-svfprintf.o)
 .rodata._printf_i.str1.1
                0x0000000008009ac9       0x22 d:/stm32cubeide_1.9.0/stm32cubeide/plugins/com.st.stm32cube.ide.mcu.externaltools.gnu-tools-for-stm32.10.3-2021.10.win32_1.0.0.202111181127/tools/bin/../lib/gcc/arm-none-eabi/10.3.1/../../../../arm-none-eabi/lib/thumb/v7e-m+fp/hard\libc_nano.a(lib_a-nano-vfprintf_i.o)
                0x0000000008009aec                . = ALIGN (0x4)
 *fill*         0x0000000008009aeb        0x1 

.rel.dyn        0x0000000008009aec        0x0
 .rel.iplt      0x0000000008009aec        0x0 d:/stm32cubeide_1.9.0/stm32cubeide/plugins/com.st.stm32cube.ide.mcu.externaltools.gnu-tools-for-stm32.10.3-2021.10.win32_1.0.0.202111181127/tools/bin/../lib/gcc/arm-none-eabi/10.3.1/thumb/v7e-m+fp/hard/crtbegin.o

.ARM.extab      0x0000000008009aec        0x0
                0x0000000008009aec                . = ALIGN (0x4)
 *(.ARM.extab* .gnu.linkonce.armextab.*)
                0x0000000008009aec                . = ALIGN (0x4)

.ARM            0x0000000008009aec        0x0
                0x0000000008009aec                . = ALIGN (0x4)
                0x0000000008009aec                __exidx_start = .
 *(.ARM.exidx*)
                0x0000000008009aec                __exidx_end = .
                0x0000000008009aec                . = ALIGN (0x4)

.preinit_array  0x0000000008009aec        0x0
                0x0000000008009aec                . = ALIGN (0x4)
                0x0000000008009aec                PROVIDE (__preinit_array_start = .)
 *(.preinit_array*)
                0x0000000008009aec                PROVIDE (__preinit_array_end = .)
                0x0000000008009aec                . = ALIGN (0x4)

.init_array     0x0000000008009aec        0x4
                0x0000000008009aec                . = ALIGN (0x4)
                0x0000000008009aec                PROVIDE (__init_array_start = .)
 *(SORT_BY_NAME(.init_array.*))
 *(.init_array*)
 .init_array    0x0000000008009aec        0x4 d:/stm32cubeide_1.9.0/stm32cubeide/plugins/com.st.stm32cube.ide.mcu.externaltools.gnu-tools-for-stm32.10.3-2021.10.win32_1.0.0.202111181127/tools/bin/../lib/gcc/arm-none-eabi/10.3.1/thumb/v7e-m+fp/hard/crtbegin.o
                0x0000000008009af0                PROVIDE (__init_array_end = .)
                0x0000000008009af0                . = ALIGN (0x4)

.fini_array     0x0000000008009af0        0x4
                0x0000000008009af0                . = ALIGN (0x4)
                [!provide]                        PROVIDE (__fini_array_start = .)
 *(SORT_BY_NAME(.fini_array.*))
 *(.fini_array*)
 .fini_array    0x0000000008009af0        0x4 d:/stm32cubeide_1.9.0/stm32cubeide/plugins/com.st.stm32cube.ide.mcu.externaltools.gnu-tools-for-stm32.10.3-2021.10.win32_1.0.0.202111181127/tools/bin/../lib/gcc/arm-none-eabi/10.3.1/thumb/v7e-m+fp/hard/crtbegin.o
                [!provide]                        PROVIDE (__fini_array_end = .)
                0x0000000008009af4                . = ALIGN (0x4)
                0x0000000008009af4                _sidata = LOADADDR (.data)

.data           0x0000000020000000       0x74 load address 0x0000000008009af4
                0x0000000020000000                . = ALIGN (0x4)
                0x0000000020000000                _sdata = .
 *(.data)
 *(.data*)
 .data.SystemCoreClock
                0x0000000020000000        0x4 ./Core/Src/system_stm32l4xx.o
                0x0000000020000000                SystemCoreClock
 .data.uwTickPrio
                0x0000000020000004        0x4 ./Drivers/STM32L4xx_HAL_Driver/Src/stm32l4xx_hal.o
                0x0000000020000004                uwTickPrio
 .data.uwTickFreq
                0x0000000020000008        0x1 ./Drivers/STM32L4xx_HAL_Driver/Src/stm32l4xx_hal.o
                0x0000000020000008                uwTickFreq
 *fill*         0x0000000020000009        0x3 
 .data.uxCriticalNesting
                0x000000002000000c        0x4 ./Middlewares/Third_Party/FreeRTOS/Source/portable/GCC/ARM_CM4F/port.o
 .data._impure_ptr
                0x0000000020000010        0x4 d:/stm32cubeide_1.9.0/stm32cubeide/plugins/com.st.stm32cube.ide.mcu.externaltools.gnu-tools-for-stm32.10.3-2021.10.win32_1.0.0.202111181127/tools/bin/../lib/gcc/arm-none-eabi/10.3.1/../../../../arm-none-eabi/lib/thumb/v7e-m+fp/hard\libc_nano.a(lib_a-impure.o)
                0x0000000020000010                _impure_ptr
 .data.impure_data
                0x0000000020000014       0x60 d:/stm32cubeide_1.9.0/stm32cubeide/plugins/com.st.stm32cube.ide.mcu.externaltools.gnu-tools-for-stm32.10.3-2021.10.win32_1.0.0.202111181127/tools/bin/../lib/gcc/arm-none-eabi/10.3.1/../../../../arm-none-eabi/lib/thumb/v7e-m+fp/hard\libc_nano.a(lib_a-impure.o)
 *(.RamFunc)
 *(.RamFunc*)
                0x0000000020000074                . = ALIGN (0x4)
                0x0000000020000074                _edata = .

.igot.plt       0x0000000020000074        0x0 load address 0x0000000008009b68
 .igot.plt      0x0000000020000074        0x0 d:/stm32cubeide_1.9.0/stm32cubeide/plugins/com.st.stm32cube.ide.mcu.externaltools.gnu-tools-for-stm32.10.3-2021.10.win32_1.0.0.202111181127/tools/bin/../lib/gcc/arm-none-eabi/10.3.1/thumb/v7e-m+fp/hard/crtbegin.o
                0x0000000020000074                . = ALIGN (0x4)

.bss            0x0000000020000074     0x11bc load address 0x0000000008009b68
                0x0000000020000074                _sbss = .
                0x0000000020000074                __bss_start__ = _sbss
 *(.bss)
 .bss           0x0000000020000074       0x1c d:/stm32cubeide_1.9.0/stm32cubeide/plugins/com.st.stm32cube.ide.mcu.externaltools.gnu-tools-for-stm32.10.3-2021.10.win32_1.0.0.202111181127/tools/bin/../lib/gcc/arm-none-eabi/10.3.1/thumb/v7e-m+fp/hard/crtbegin.o
 *(.bss*)
 .bss.xIdleTaskTCBBuffer
                0x0000000020000090       0xb4 ./Core/Src/freertos.o
 .bss.xIdleStack
                0x0000000020000144      0x200 ./Core/Src/freertos.o
 .bss.hadc1     0x0000000020000344       0x64 ./Core/Src/main.o
                0x0000000020000344                hadc1
 .bss.hadc2     0x00000000200003a8       0x64 ./Core/Src/main.o
                0x00000000200003a8                hadc2
 .bss.htim2     0x000000002000040c       0x4c ./Core/Src/main.o
                0x000000002000040c                htim2
 .bss.htim3     0x0000000020000458       0x4c ./Core/Src/main.o
                0x0000000020000458                htim3
 .bss.defaultTaskHandle
                0x00000000200004a4        0x4 ./Core/Src/main.o
                0x00000000200004a4                defaultTaskHandle
 .bss.xFlagsEventGroup
                0x00000000200004a8        0x4 ./Core/Src/main.o
 .bss.tx_queue_1
                0x00000000200004ac        0x4 ./Core/Src/main.o
                0x00000000200004ac                tx_queue_1
 .bss.rx_queue_1
                0x00000000200004b0        0x4 ./Core/Src/main.o
                0x00000000200004b0                rx_queue_1
 .bss.tx_queue_2
                0x00000000200004b4        0x4 ./Core/Src/main.o
                0x00000000200004b4                tx_queue_2
 .bss.rx_queue_2
                0x00000000200004b8        0x4 ./Core/Src/main.o
                0x00000000200004b8                rx_queue_2
 .bss.HAL_RCC_ADC_CLK_ENABLED
                0x00000000200004bc        0x4 ./Core/Src/stm32l4xx_hal_msp.o
 .bss.htim1     0x00000000200004c0       0x4c ./Core/Src/stm32l4xx_hal_timebase_tim.o
                0x00000000200004c0                htim1
 .bss.__sbrk_heap_end
                0x000000002000050c        0x4 ./Core/Src/sysmem.o
 .bss.uwTick    0x0000000020000510        0x4 ./Drivers/STM32L4xx_HAL_Driver/Src/stm32l4xx_hal.o
                0x0000000020000510                uwTick
 .bss.pxCurrentTCB
                0x0000000020000514        0x4 ./Middlewares/Third_Party/FreeRTOS/Source/tasks.o
                0x0000000020000514                pxCurrentTCB
 .bss.pxReadyTasksLists
                0x0000000020000518       0x8c ./Middlewares/Third_Party/FreeRTOS/Source/tasks.o
 .bss.xDelayedTaskList1
                0x00000000200005a4       0x14 ./Middlewares/Third_Party/FreeRTOS/Source/tasks.o
 .bss.xDelayedTaskList2
                0x00000000200005b8       0x14 ./Middlewares/Third_Party/FreeRTOS/Source/tasks.o
 .bss.pxDelayedTaskList
                0x00000000200005cc        0x4 ./Middlewares/Third_Party/FreeRTOS/Source/tasks.o
 .bss.pxOverflowDelayedTaskList
                0x00000000200005d0        0x4 ./Middlewares/Third_Party/FreeRTOS/Source/tasks.o
 .bss.xPendingReadyList
                0x00000000200005d4       0x14 ./Middlewares/Third_Party/FreeRTOS/Source/tasks.o
 .bss.xTasksWaitingTermination
                0x00000000200005e8       0x14 ./Middlewares/Third_Party/FreeRTOS/Source/tasks.o
 .bss.uxDeletedTasksWaitingCleanUp
                0x00000000200005fc        0x4 ./Middlewares/Third_Party/FreeRTOS/Source/tasks.o
 .bss.xSuspendedTaskList
                0x0000000020000600       0x14 ./Middlewares/Third_Party/FreeRTOS/Source/tasks.o
 .bss.uxCurrentNumberOfTasks
                0x0000000020000614        0x4 ./Middlewares/Third_Party/FreeRTOS/Source/tasks.o
 .bss.xTickCount
                0x0000000020000618        0x4 ./Middlewares/Third_Party/FreeRTOS/Source/tasks.o
 .bss.uxTopReadyPriority
                0x000000002000061c        0x4 ./Middlewares/Third_Party/FreeRTOS/Source/tasks.o
 .bss.xSchedulerRunning
                0x0000000020000620        0x4 ./Middlewares/Third_Party/FreeRTOS/Source/tasks.o
 .bss.xPendedTicks
                0x0000000020000624        0x4 ./Middlewares/Third_Party/FreeRTOS/Source/tasks.o
 .bss.xYieldPending
                0x0000000020000628        0x4 ./Middlewares/Third_Party/FreeRTOS/Source/tasks.o
 .bss.xNumOfOverflows
                0x000000002000062c        0x4 ./Middlewares/Third_Party/FreeRTOS/Source/tasks.o
 .bss.uxTaskNumber
                0x0000000020000630        0x4 ./Middlewares/Third_Party/FreeRTOS/Source/tasks.o
 .bss.xNextTaskUnblockTime
                0x0000000020000634        0x4 ./Middlewares/Third_Party/FreeRTOS/Source/tasks.o
 .bss.xIdleTaskHandle
                0x0000000020000638        0x4 ./Middlewares/Third_Party/FreeRTOS/Source/tasks.o
 .bss.uxSchedulerSuspended
                0x000000002000063c        0x4 ./Middlewares/Third_Party/FreeRTOS/Source/tasks.o
 .bss.ucMaxSysCallPriority
                0x0000000020000640        0x1 ./Middlewares/Third_Party/FreeRTOS/Source/portable/GCC/ARM_CM4F/port.o
 *fill*         0x0000000020000641        0x3 
 .bss.ulMaxPRIGROUPValue
                0x0000000020000644        0x4 ./Middlewares/Third_Party/FreeRTOS/Source/portable/GCC/ARM_CM4F/port.o
 .bss.ucHeap    0x0000000020000648      0xbb8 ./Middlewares/Third_Party/FreeRTOS/Source/portable/MemMang/heap_4.o
 .bss.xStart    0x0000000020001200        0x8 ./Middlewares/Third_Party/FreeRTOS/Source/portable/MemMang/heap_4.o
 .bss.pxEnd     0x0000000020001208        0x4 ./Middlewares/Third_Party/FreeRTOS/Source/portable/MemMang/heap_4.o
 .bss.xFreeBytesRemaining
                0x000000002000120c        0x4 ./Middlewares/Third_Party/FreeRTOS/Source/portable/MemMang/heap_4.o
 .bss.xMinimumEverFreeBytesRemaining
                0x0000000020001210        0x4 ./Middlewares/Third_Party/FreeRTOS/Source/portable/MemMang/heap_4.o
 .bss.xNumberOfSuccessfulAllocations
                0x0000000020001214        0x4 ./Middlewares/Third_Party/FreeRTOS/Source/portable/MemMang/heap_4.o
 .bss.xNumberOfSuccessfulFrees
                0x0000000020001218        0x4 ./Middlewares/Third_Party/FreeRTOS/Source/portable/MemMang/heap_4.o
 .bss.xBlockAllocatedBit
                0x000000002000121c        0x4 ./Middlewares/Third_Party/FreeRTOS/Source/portable/MemMang/heap_4.o
 .bss.__lock___malloc_recursive_mutex
                0x0000000020001220        0x1 d:/stm32cubeide_1.9.0/stm32cubeide/plugins/com.st.stm32cube.ide.mcu.externaltools.gnu-tools-for-stm32.10.3-2021.10.win32_1.0.0.202111181127/tools/bin/../lib/gcc/arm-none-eabi/10.3.1/../../../../arm-none-eabi/lib/thumb/v7e-m+fp/hard\libc_nano.a(lib_a-lock.o)
                0x0000000020001220                __lock___malloc_recursive_mutex
 *fill*         0x0000000020001221        0x3 
 .bss.__malloc_free_list
                0x0000000020001224        0x4 d:/stm32cubeide_1.9.0/stm32cubeide/plugins/com.st.stm32cube.ide.mcu.externaltools.gnu-tools-for-stm32.10.3-2021.10.win32_1.0.0.202111181127/tools/bin/../lib/gcc/arm-none-eabi/10.3.1/../../../../arm-none-eabi/lib/thumb/v7e-m+fp/hard\libc_nano.a(lib_a-nano-mallocr.o)
                0x0000000020001224                __malloc_free_list
 .bss.__malloc_sbrk_start
                0x0000000020001228        0x4 d:/stm32cubeide_1.9.0/stm32cubeide/plugins/com.st.stm32cube.ide.mcu.externaltools.gnu-tools-for-stm32.10.3-2021.10.win32_1.0.0.202111181127/tools/bin/../lib/gcc/arm-none-eabi/10.3.1/../../../../arm-none-eabi/lib/thumb/v7e-m+fp/hard\libc_nano.a(lib_a-nano-mallocr.o)
                0x0000000020001228                __malloc_sbrk_start
 .bss.errno     0x000000002000122c        0x4 d:/stm32cubeide_1.9.0/stm32cubeide/plugins/com.st.stm32cube.ide.mcu.externaltools.gnu-tools-for-stm32.10.3-2021.10.win32_1.0.0.202111181127/tools/bin/../lib/gcc/arm-none-eabi/10.3.1/../../../../arm-none-eabi/lib/thumb/v7e-m+fp/hard\libc_nano.a(lib_a-reent.o)
                0x000000002000122c                errno
 *(COMMON)
                0x0000000020001230                . = ALIGN (0x4)
                0x0000000020001230                _ebss = .
                0x0000000020001230                __bss_end__ = _ebss

._user_heap_stack
                0x0000000020001230      0x600 load address 0x0000000008009b68
                0x0000000020001230                . = ALIGN (0x8)
                [!provide]                        PROVIDE (end = .)
                0x0000000020001230                PROVIDE (_end = .)
                0x0000000020001430                . = (. + _Min_Heap_Size)
 *fill*         0x0000000020001230      0x200 
                0x0000000020001830                . = (. + _Min_Stack_Size)
 *fill*         0x0000000020001430      0x400 
                0x0000000020001830                . = ALIGN (0x8)

/DISCARD/
 libc.a(*)
 libm.a(*)
 libgcc.a(*)

.ARM.attributes
                0x0000000000000000       0x30
 *(.ARM.attributes)
 .ARM.attributes
                0x0000000000000000       0x1e d:/stm32cubeide_1.9.0/stm32cubeide/plugins/com.st.stm32cube.ide.mcu.externaltools.gnu-tools-for-stm32.10.3-2021.10.win32_1.0.0.202111181127/tools/bin/../lib/gcc/arm-none-eabi/10.3.1/thumb/v7e-m+fp/hard/crti.o
 .ARM.attributes
                0x000000000000001e       0x34 d:/stm32cubeide_1.9.0/stm32cubeide/plugins/com.st.stm32cube.ide.mcu.externaltools.gnu-tools-for-stm32.10.3-2021.10.win32_1.0.0.202111181127/tools/bin/../lib/gcc/arm-none-eabi/10.3.1/thumb/v7e-m+fp/hard/crtbegin.o
 .ARM.attributes
                0x0000000000000052       0x34 ./Core/Src/freertos.o
 .ARM.attributes
                0x0000000000000086       0x34 ./Core/Src/main.o
 .ARM.attributes
                0x00000000000000ba       0x34 ./Core/Src/stm32l4xx_hal_msp.o
 .ARM.attributes
                0x00000000000000ee       0x34 ./Core/Src/stm32l4xx_hal_timebase_tim.o
 .ARM.attributes
                0x0000000000000122       0x34 ./Core/Src/stm32l4xx_it.o
 .ARM.attributes
                0x0000000000000156       0x34 ./Core/Src/sysmem.o
 .ARM.attributes
                0x000000000000018a       0x34 ./Core/Src/system_stm32l4xx.o
 .ARM.attributes
                0x00000000000001be       0x21 ./Core/Startup/startup_stm32l476rgtx.o
 .ARM.attributes
                0x00000000000001df       0x34 ./Drivers/STM32L4xx_HAL_Driver/Src/stm32l4xx_hal.o
 .ARM.attributes
                0x0000000000000213       0x34 ./Drivers/STM32L4xx_HAL_Driver/Src/stm32l4xx_hal_adc.o
 .ARM.attributes
                0x0000000000000247       0x34 ./Drivers/STM32L4xx_HAL_Driver/Src/stm32l4xx_hal_adc_ex.o
 .ARM.attributes
                0x000000000000027b       0x34 ./Drivers/STM32L4xx_HAL_Driver/Src/stm32l4xx_hal_cortex.o
 .ARM.attributes
                0x00000000000002af       0x34 ./Drivers/STM32L4xx_HAL_Driver/Src/stm32l4xx_hal_gpio.o
 .ARM.attributes
                0x00000000000002e3       0x34 ./Drivers/STM32L4xx_HAL_Driver/Src/stm32l4xx_hal_pwr_ex.o
 .ARM.attributes
                0x0000000000000317       0x34 ./Drivers/STM32L4xx_HAL_Driver/Src/stm32l4xx_hal_rcc.o
 .ARM.attributes
                0x000000000000034b       0x34 ./Drivers/STM32L4xx_HAL_Driver/Src/stm32l4xx_hal_rcc_ex.o
 .ARM.attributes
                0x000000000000037f       0x34 ./Drivers/STM32L4xx_HAL_Driver/Src/stm32l4xx_hal_tim.o
 .ARM.attributes
                0x00000000000003b3       0x34 ./Drivers/STM32L4xx_HAL_Driver/Src/stm32l4xx_hal_tim_ex.o
 .ARM.attributes
                0x00000000000003e7       0x34 ./Drivers/STM32L4xx_HAL_Driver/Src/stm32l4xx_ll_gpio.o
 .ARM.attributes
                0x000000000000041b       0x34 ./Drivers/STM32L4xx_HAL_Driver/Src/stm32l4xx_ll_rcc.o
 .ARM.attributes
                0x000000000000044f       0x34 ./Drivers/STM32L4xx_HAL_Driver/Src/stm32l4xx_ll_usart.o
 .ARM.attributes
                0x0000000000000483       0x34 ./Middlewares/Third_Party/FreeRTOS/Source/CMSIS_RTOS/cmsis_os.o
 .ARM.attributes
                0x00000000000004b7       0x34 ./Middlewares/Third_Party/FreeRTOS/Source/event_groups.o
 .ARM.attributes
                0x00000000000004eb       0x34 ./Middlewares/Third_Party/FreeRTOS/Source/list.o
 .ARM.attributes
                0x000000000000051f       0x34 ./Middlewares/Third_Party/FreeRTOS/Source/queue.o
 .ARM.attributes
                0x0000000000000553       0x34 ./Middlewares/Third_Party/FreeRTOS/Source/tasks.o
 .ARM.attributes
                0x0000000000000587       0x34 ./Middlewares/Third_Party/FreeRTOS/Source/portable/GCC/ARM_CM4F/port.o
 .ARM.attributes
                0x00000000000005bb       0x34 ./Middlewares/Third_Party/FreeRTOS/Source/portable/MemMang/heap_4.o
 .ARM.attributes
                0x00000000000005ef       0x34 d:/stm32cubeide_1.9.0/stm32cubeide/plugins/com.st.stm32cube.ide.mcu.externaltools.gnu-tools-for-stm32.10.3-2021.10.win32_1.0.0.202111181127/tools/bin/../lib/gcc/arm-none-eabi/10.3.1/../../../../arm-none-eabi/lib/thumb/v7e-m+fp/hard\libc_nano.a(lib_a-errno.o)
 .ARM.attributes
                0x0000000000000623       0x34 d:/stm32cubeide_1.9.0/stm32cubeide/plugins/com.st.stm32cube.ide.mcu.externaltools.gnu-tools-for-stm32.10.3-2021.10.win32_1.0.0.202111181127/tools/bin/../lib/gcc/arm-none-eabi/10.3.1/../../../../arm-none-eabi/lib/thumb/v7e-m+fp/hard\libc_nano.a(lib_a-findfp.o)
 .ARM.attributes
                0x0000000000000657       0x34 d:/stm32cubeide_1.9.0/stm32cubeide/plugins/com.st.stm32cube.ide.mcu.externaltools.gnu-tools-for-stm32.10.3-2021.10.win32_1.0.0.202111181127/tools/bin/../lib/gcc/arm-none-eabi/10.3.1/../../../../arm-none-eabi/lib/thumb/v7e-m+fp/hard\libc_nano.a(lib_a-impure.o)
 .ARM.attributes
                0x000000000000068b       0x34 d:/stm32cubeide_1.9.0/stm32cubeide/plugins/com.st.stm32cube.ide.mcu.externaltools.gnu-tools-for-stm32.10.3-2021.10.win32_1.0.0.202111181127/tools/bin/../lib/gcc/arm-none-eabi/10.3.1/../../../../arm-none-eabi/lib/thumb/v7e-m+fp/hard\libc_nano.a(lib_a-init.o)
 .ARM.attributes
                0x00000000000006bf       0x34 d:/stm32cubeide_1.9.0/stm32cubeide/plugins/com.st.stm32cube.ide.mcu.externaltools.gnu-tools-for-stm32.10.3-2021.10.win32_1.0.0.202111181127/tools/bin/../lib/gcc/arm-none-eabi/10.3.1/../../../../arm-none-eabi/lib/thumb/v7e-m+fp/hard\libc_nano.a(lib_a-lock.o)
 .ARM.attributes
                0x00000000000006f3       0x34 d:/stm32cubeide_1.9.0/stm32cubeide/plugins/com.st.stm32cube.ide.mcu.externaltools.gnu-tools-for-stm32.10.3-2021.10.win32_1.0.0.202111181127/tools/bin/../lib/gcc/arm-none-eabi/10.3.1/../../../../arm-none-eabi/lib/thumb/v7e-m+fp/hard\libc_nano.a(lib_a-memcpy-stub.o)
 .ARM.attributes
                0x0000000000000727       0x34 d:/stm32cubeide_1.9.0/stm32cubeide/plugins/com.st.stm32cube.ide.mcu.externaltools.gnu-tools-for-stm32.10.3-2021.10.win32_1.0.0.202111181127/tools/bin/../lib/gcc/arm-none-eabi/10.3.1/../../../../arm-none-eabi/lib/thumb/v7e-m+fp/hard\libc_nano.a(lib_a-memset.o)
 .ARM.attributes
                0x000000000000075b       0x34 d:/stm32cubeide_1.9.0/stm32cubeide/plugins/com.st.stm32cube.ide.mcu.externaltools.gnu-tools-for-stm32.10.3-2021.10.win32_1.0.0.202111181127/tools/bin/../lib/gcc/arm-none-eabi/10.3.1/../../../../arm-none-eabi/lib/thumb/v7e-m+fp/hard\libc_nano.a(lib_a-nano-mallocr.o)
 .ARM.attributes
                0x000000000000078f       0x34 d:/stm32cubeide_1.9.0/stm32cubeide/plugins/com.st.stm32cube.ide.mcu.externaltools.gnu-tools-for-stm32.10.3-2021.10.win32_1.0.0.202111181127/tools/bin/../lib/gcc/arm-none-eabi/10.3.1/../../../../arm-none-eabi/lib/thumb/v7e-m+fp/hard\libc_nano.a(lib_a-reent.o)
 .ARM.attributes
                0x00000000000007c3       0x34 d:/stm32cubeide_1.9.0/stm32cubeide/plugins/com.st.stm32cube.ide.mcu.externaltools.gnu-tools-for-stm32.10.3-2021.10.win32_1.0.0.202111181127/tools/bin/../lib/gcc/arm-none-eabi/10.3.1/../../../../arm-none-eabi/lib/thumb/v7e-m+fp/hard\libc_nano.a(lib_a-sbrkr.o)
 .ARM.attributes
                0x00000000000007f7       0x34 d:/stm32cubeide_1.9.0/stm32cubeide/plugins/com.st.stm32cube.ide.mcu.externaltools.gnu-tools-for-stm32.10.3-2021.10.win32_1.0.0.202111181127/tools/bin/../lib/gcc/arm-none-eabi/10.3.1/../../../../arm-none-eabi/lib/thumb/v7e-m+fp/hard\libc_nano.a(lib_a-sprintf.o)
 .ARM.attributes
                0x000000000000082b       0x34 d:/stm32cubeide_1.9.0/stm32cubeide/plugins/com.st.stm32cube.ide.mcu.externaltools.gnu-tools-for-stm32.10.3-2021.10.win32_1.0.0.202111181127/tools/bin/../lib/gcc/arm-none-eabi/10.3.1/../../../../arm-none-eabi/lib/thumb/v7e-m+fp/hard\libc_nano.a(lib_a-mlock.o)
 .ARM.attributes
                0x000000000000085f       0x34 d:/stm32cubeide_1.9.0/stm32cubeide/plugins/com.st.stm32cube.ide.mcu.externaltools.gnu-tools-for-stm32.10.3-2021.10.win32_1.0.0.202111181127/tools/bin/../lib/gcc/arm-none-eabi/10.3.1/../../../../arm-none-eabi/lib/thumb/v7e-m+fp/hard\libc_nano.a(lib_a-nano-freer.o)
 .ARM.attributes
                0x0000000000000893       0x34 d:/stm32cubeide_1.9.0/stm32cubeide/plugins/com.st.stm32cube.ide.mcu.externaltools.gnu-tools-for-stm32.10.3-2021.10.win32_1.0.0.202111181127/tools/bin/../lib/gcc/arm-none-eabi/10.3.1/../../../../arm-none-eabi/lib/thumb/v7e-m+fp/hard\libc_nano.a(lib_a-nano-svfprintf.o)
 .ARM.attributes
                0x00000000000008c7       0x34 d:/stm32cubeide_1.9.0/stm32cubeide/plugins/com.st.stm32cube.ide.mcu.externaltools.gnu-tools-for-stm32.10.3-2021.10.win32_1.0.0.202111181127/tools/bin/../lib/gcc/arm-none-eabi/10.3.1/../../../../arm-none-eabi/lib/thumb/v7e-m+fp/hard\libc_nano.a(lib_a-nano-vfprintf_i.o)
 .ARM.attributes
                0x00000000000008fb       0x1c d:/stm32cubeide_1.9.0/stm32cubeide/plugins/com.st.stm32cube.ide.mcu.externaltools.gnu-tools-for-stm32.10.3-2021.10.win32_1.0.0.202111181127/tools/bin/../lib/gcc/arm-none-eabi/10.3.1/../../../../arm-none-eabi/lib/thumb/v7e-m+fp/hard\libc_nano.a(lib_a-memchr.o)
 .ARM.attributes
                0x0000000000000917       0x34 d:/stm32cubeide_1.9.0/stm32cubeide/plugins/com.st.stm32cube.ide.mcu.externaltools.gnu-tools-for-stm32.10.3-2021.10.win32_1.0.0.202111181127/tools/bin/../lib/gcc/arm-none-eabi/10.3.1/../../../../arm-none-eabi/lib/thumb/v7e-m+fp/hard\libc_nano.a(lib_a-memmove.o)
 .ARM.attributes
                0x000000000000094b       0x34 d:/stm32cubeide_1.9.0/stm32cubeide/plugins/com.st.stm32cube.ide.mcu.externaltools.gnu-tools-for-stm32.10.3-2021.10.win32_1.0.0.202111181127/tools/bin/../lib/gcc/arm-none-eabi/10.3.1/../../../../arm-none-eabi/lib/thumb/v7e-m+fp/hard\libc_nano.a(lib_a-nano-reallocr.o)
 .ARM.attributes
                0x000000000000097f       0x34 d:/stm32cubeide_1.9.0/stm32cubeide/plugins/com.st.stm32cube.ide.mcu.externaltools.gnu-tools-for-stm32.10.3-2021.10.win32_1.0.0.202111181127/tools/bin/../lib/gcc/arm-none-eabi/10.3.1/../../../../arm-none-eabi/lib/thumb/v7e-m+fp/hard\libc_nano.a(lib_a-nano-msizer.o)
 .ARM.attributes
                0x00000000000009b3       0x1e d:/stm32cubeide_1.9.0/stm32cubeide/plugins/com.st.stm32cube.ide.mcu.externaltools.gnu-tools-for-stm32.10.3-2021.10.win32_1.0.0.202111181127/tools/bin/../lib/gcc/arm-none-eabi/10.3.1/thumb/v7e-m+fp/hard/crtn.o
OUTPUT(test2.elf elf32-littlearm)
LOAD linker stubs
LOAD d:/stm32cubeide_1.9.0/stm32cubeide/plugins/com.st.stm32cube.ide.mcu.externaltools.gnu-tools-for-stm32.10.3-2021.10.win32_1.0.0.202111181127/tools/bin/../lib/gcc/arm-none-eabi/10.3.1/../../../../arm-none-eabi/lib/thumb/v7e-m+fp/hard\libc.a
LOAD d:/stm32cubeide_1.9.0/stm32cubeide/plugins/com.st.stm32cube.ide.mcu.externaltools.gnu-tools-for-stm32.10.3-2021.10.win32_1.0.0.202111181127/tools/bin/../lib/gcc/arm-none-eabi/10.3.1/../../../../arm-none-eabi/lib/thumb/v7e-m+fp/hard\libm.a
LOAD d:/stm32cubeide_1.9.0/stm32cubeide/plugins/com.st.stm32cube.ide.mcu.externaltools.gnu-tools-for-stm32.10.3-2021.10.win32_1.0.0.202111181127/tools/bin/../lib/gcc/arm-none-eabi/10.3.1/thumb/v7e-m+fp/hard\libgcc.a

.debug_info     0x0000000000000000    0x1d619
 .debug_info    0x0000000000000000      0x9e2 ./Core/Src/freertos.o
 .debug_info    0x00000000000009e2     0x3615 ./Core/Src/main.o
 .debug_info    0x0000000000003ff7     0x1313 ./Core/Src/stm32l4xx_hal_msp.o
 .debug_info    0x000000000000530a      0xcb4 ./Core/Src/stm32l4xx_hal_timebase_tim.o
 .debug_info    0x0000000000005fbe      0xc66 ./Core/Src/stm32l4xx_it.o
 .debug_info    0x0000000000006c24      0x171 ./Core/Src/sysmem.o
 .debug_info    0x0000000000006d95      0x5c6 ./Core/Src/system_stm32l4xx.o
 .debug_info    0x000000000000735b       0x22 ./Core/Startup/startup_stm32l476rgtx.o
 .debug_info    0x000000000000737d      0xc57 ./Drivers/STM32L4xx_HAL_Driver/Src/stm32l4xx_hal.o
 .debug_info    0x0000000000007fd4     0x1e84 ./Drivers/STM32L4xx_HAL_Driver/Src/stm32l4xx_hal_adc.o
 .debug_info    0x0000000000009e58     0x1beb ./Drivers/STM32L4xx_HAL_Driver/Src/stm32l4xx_hal_adc_ex.o
 .debug_info    0x000000000000ba43      0xe21 ./Drivers/STM32L4xx_HAL_Driver/Src/stm32l4xx_hal_cortex.o
 .debug_info    0x000000000000c864      0x821 ./Drivers/STM32L4xx_HAL_Driver/Src/stm32l4xx_hal_gpio.o
 .debug_info    0x000000000000d085      0x9f0 ./Drivers/STM32L4xx_HAL_Driver/Src/stm32l4xx_hal_pwr_ex.o
 .debug_info    0x000000000000da75      0xced ./Drivers/STM32L4xx_HAL_Driver/Src/stm32l4xx_hal_rcc.o
 .debug_info    0x000000000000e762      0xe92 ./Drivers/STM32L4xx_HAL_Driver/Src/stm32l4xx_hal_rcc_ex.o
 .debug_info    0x000000000000f5f4     0x2d04 ./Drivers/STM32L4xx_HAL_Driver/Src/stm32l4xx_hal_tim.o
 .debug_info    0x00000000000122f8     0x17eb ./Drivers/STM32L4xx_HAL_Driver/Src/stm32l4xx_hal_tim_ex.o
 .debug_info    0x0000000000013ae3      0xa08 ./Drivers/STM32L4xx_HAL_Driver/Src/stm32l4xx_ll_gpio.o
 .debug_info    0x00000000000144eb      0xf57 ./Drivers/STM32L4xx_HAL_Driver/Src/stm32l4xx_ll_rcc.o
 .debug_info    0x0000000000015442      0x80d ./Drivers/STM32L4xx_HAL_Driver/Src/stm32l4xx_ll_usart.o
 .debug_info    0x0000000000015c4f     0x2354 ./Middlewares/Third_Party/FreeRTOS/Source/CMSIS_RTOS/cmsis_os.o
 .debug_info    0x0000000000017fa3      0xad0 ./Middlewares/Third_Party/FreeRTOS/Source/event_groups.o
 .debug_info    0x0000000000018a73      0x2d1 ./Middlewares/Third_Party/FreeRTOS/Source/list.o
 .debug_info    0x0000000000018d44     0x18e1 ./Middlewares/Third_Party/FreeRTOS/Source/queue.o
 .debug_info    0x000000000001a625     0x25e2 ./Middlewares/Third_Party/FreeRTOS/Source/tasks.o
 .debug_info    0x000000000001cc07      0x507 ./Middlewares/Third_Party/FreeRTOS/Source/portable/GCC/ARM_CM4F/port.o
 .debug_info    0x000000000001d10e      0x50b ./Middlewares/Third_Party/FreeRTOS/Source/portable/MemMang/heap_4.o

.debug_abbrev   0x0000000000000000     0x3ff4
 .debug_abbrev  0x0000000000000000      0x169 ./Core/Src/freertos.o
 .debug_abbrev  0x0000000000000169      0x4a1 ./Core/Src/main.o
 .debug_abbrev  0x000000000000060a      0x1f5 ./Core/Src/stm32l4xx_hal_msp.o
 .debug_abbrev  0x00000000000007ff      0x1d3 ./Core/Src/stm32l4xx_hal_timebase_tim.o
 .debug_abbrev  0x00000000000009d2      0x1e3 ./Core/Src/stm32l4xx_it.o
 .debug_abbrev  0x0000000000000bb5       0xbb ./Core/Src/sysmem.o
 .debug_abbrev  0x0000000000000c70      0x116 ./Core/Src/system_stm32l4xx.o
 .debug_abbrev  0x0000000000000d86       0x12 ./Core/Startup/startup_stm32l476rgtx.o